SQL> select firs_name,commission_pct,nvl(commission_pct,1)from employees;
select firs_name,commission_pct,nvl(commission_pct,1)from employees
       *
ERROR at line 1:
ORA-00904: "FIRS_NAME": invalid identifier 


SQL> select first_name,commission_pct,nvl(commission_pct,1)from employees;

FIRST_NAME           COMMISSION_PCT NVL(COMMISSION_PCT,1)                                                                                                                                                                                                                                                   
-------------------- -------------- ---------------------                                                                                                                                                                                                                                                   
Steven                                                  1                                                                                                                                                                                                                                                   
Neena                                                   1                                                                                                                                                                                                                                                   
Lex                                                     1                                                                                                                                                                                                                                                   
Alexander                                               1                                                                                                                                                                                                                                                   
Bruce                                                   1                                                                                                                                                                                                                                                   
David                                                   1                                                                                                                                                                                                                                                   
Valli                                                   1                                                                                                                                                                                                                                                   
Diana                                                   1                                                                                                                                                                                                                                                   
Nancy                                                   1                                                                                                                                                                                                                                                   
Daniel                                                  1                                                                                                                                                                                                                                                   
John                                                    1                                                                                                                                                                                                                                                   

FIRST_NAME           COMMISSION_PCT NVL(COMMISSION_PCT,1)                                                                                                                                                                                                                                                   
-------------------- -------------- ---------------------                                                                                                                                                                                                                                                   
Ismael                                                  1                                                                                                                                                                                                                                                   
Jose Manuel                                             1                                                                                                                                                                                                                                                   
Luis                                                    1                                                                                                                                                                                                                                                   
Den                                                     1                                                                                                                                                                                                                                                   
Alexander                                               1                                                                                                                                                                                                                                                   
Shelli                                                  1                                                                                                                                                                                                                                                   
Sigal                                                   1                                                                                                                                                                                                                                                   
Guy                                                     1                                                                                                                                                                                                                                                   
Karen                                                   1                                                                                                                                                                                                                                                   
Matthew                                                 1                                                                                                                                                                                                                                                   
Adam                                                    1                                                                                                                                                                                                                                                   

FIRST_NAME           COMMISSION_PCT NVL(COMMISSION_PCT,1)                                                                                                                                                                                                                                                   
-------------------- -------------- ---------------------                                                                                                                                                                                                                                                   
Payam                                                   1                                                                                                                                                                                                                                                   
Shanta                                                  1                                                                                                                                                                                                                                                   
Kevin                                                   1                                                                                                                                                                                                                                                   
Julia                                                   1                                                                                                                                                                                                                                                   
Irene                                                   1                                                                                                                                                                                                                                                   
James                                                   1                                                                                                                                                                                                                                                   
Steven                                                  1                                                                                                                                                                                                                                                   
Laura                                                   1                                                                                                                                                                                                                                                   
Mozhe                                                   1                                                                                                                                                                                                                                                   
James                                                   1                                                                                                                                                                                                                                                   
TJ                                                      1                                                                                                                                                                                                                                                   

FIRST_NAME           COMMISSION_PCT NVL(COMMISSION_PCT,1)                                                                                                                                                                                                                                                   
-------------------- -------------- ---------------------                                                                                                                                                                                                                                                   
Jason                                                   1                                                                                                                                                                                                                                                   
Michael                                                 1                                                                                                                                                                                                                                                   
Ki                                                      1                                                                                                                                                                                                                                                   
Hazel                                                   1                                                                                                                                                                                                                                                   
Renske                                                  1                                                                                                                                                                                                                                                   
Stephen                                                 1                                                                                                                                                                                                                                                   
John                                                    1                                                                                                                                                                                                                                                   
Joshua                                                  1                                                                                                                                                                                                                                                   
Trenna                                                  1                                                                                                                                                                                                                                                   
Curtis                                                  1                                                                                                                                                                                                                                                   
Randall                                                 1                                                                                                                                                                                                                                                   

FIRST_NAME           COMMISSION_PCT NVL(COMMISSION_PCT,1)                                                                                                                                                                                                                                                   
-------------------- -------------- ---------------------                                                                                                                                                                                                                                                   
Peter                                                   1                                                                                                                                                                                                                                                   
John                             .4                    .4                                                                                                                                                                                                                                                   
Karen                            .3                    .3                                                                                                                                                                                                                                                   
Alberto                          .3                    .3                                                                                                                                                                                                                                                   
Gerald                           .3                    .3                                                                                                                                                                                                                                                   
Eleni                            .2                    .2                                                                                                                                                                                                                                                   
Peter                            .3                    .3                                                                                                                                                                                                                                                   
David                           .25                   .25                                                                                                                                                                                                                                                   
Peter                           .25                   .25                                                                                                                                                                                                                                                   
Christopher                      .2                    .2                                                                                                                                                                                                                                                   
Nanette                          .2                    .2                                                                                                                                                                                                                                                   

FIRST_NAME           COMMISSION_PCT NVL(COMMISSION_PCT,1)                                                                                                                                                                                                                                                   
-------------------- -------------- ---------------------                                                                                                                                                                                                                                                   
Oliver                          .15                   .15                                                                                                                                                                                                                                                   
Janette                         .35                   .35                                                                                                                                                                                                                                                   
Patrick                         .35                   .35                                                                                                                                                                                                                                                   
Allan                           .35                   .35                                                                                                                                                                                                                                                   
Lindsey                          .3                    .3                                                                                                                                                                                                                                                   
Louise                           .3                    .3                                                                                                                                                                                                                                                   
Sarath                          .25                   .25                                                                                                                                                                                                                                                   
Clara                           .25                   .25                                                                                                                                                                                                                                                   
Danielle                        .15                   .15                                                                                                                                                                                                                                                   
Mattea                           .1                    .1                                                                                                                                                                                                                                                   
David                            .1                    .1                                                                                                                                                                                                                                                   

FIRST_NAME           COMMISSION_PCT NVL(COMMISSION_PCT,1)                                                                                                                                                                                                                                                   
-------------------- -------------- ---------------------                                                                                                                                                                                                                                                   
Sundar                           .1                    .1                                                                                                                                                                                                                                                   
Amit                             .1                    .1                                                                                                                                                                                                                                                   
Lisa                            .25                   .25                                                                                                                                                                                                                                                   
Harrison                         .2                    .2                                                                                                                                                                                                                                                   
Tayler                           .2                    .2                                                                                                                                                                                                                                                   
William                         .15                   .15                                                                                                                                                                                                                                                   
Elizabeth                       .15                   .15                                                                                                                                                                                                                                                   
Sundita                          .1                    .1                                                                                                                                                                                                                                                   
Ellen                            .3                    .3                                                                                                                                                                                                                                                   
Alyssa                          .25                   .25                                                                                                                                                                                                                                                   
Jonathon                         .2                    .2                                                                                                                                                                                                                                                   

FIRST_NAME           COMMISSION_PCT NVL(COMMISSION_PCT,1)                                                                                                                                                                                                                                                   
-------------------- -------------- ---------------------                                                                                                                                                                                                                                                   
Jack                             .2                    .2                                                                                                                                                                                                                                                   
Kimberely                       .15                   .15                                                                                                                                                                                                                                                   
Charles                          .1                    .1                                                                                                                                                                                                                                                   
Winston                                                 1                                                                                                                                                                                                                                                   
Jean                                                    1                                                                                                                                                                                                                                                   
Martha                                                  1                                                                                                                                                                                                                                                   
Girard                                                  1                                                                                                                                                                                                                                                   
Nandita                                                 1                                                                                                                                                                                                                                                   
Alexis                                                  1                                                                                                                                                                                                                                                   
Julia                                                   1                                                                                                                                                                                                                                                   
Anthony                                                 1                                                                                                                                                                                                                                                   

FIRST_NAME           COMMISSION_PCT NVL(COMMISSION_PCT,1)                                                                                                                                                                                                                                                   
-------------------- -------------- ---------------------                                                                                                                                                                                                                                                   
Kelly                                                   1                                                                                                                                                                                                                                                   
Jennifer                                                1                                                                                                                                                                                                                                                   
Timothy                                                 1                                                                                                                                                                                                                                                   
Randall                                                 1                                                                                                                                                                                                                                                   
Sarah                                                   1                                                                                                                                                                                                                                                   
Britney                                                 1                                                                                                                                                                                                                                                   
Samuel                                                  1                                                                                                                                                                                                                                                   
Vance                                                   1                                                                                                                                                                                                                                                   
Alana                                                   1                                                                                                                                                                                                                                                   
Kevin                                                   1                                                                                                                                                                                                                                                   
Donald                                                  1                                                                                                                                                                                                                                                   

FIRST_NAME           COMMISSION_PCT NVL(COMMISSION_PCT,1)                                                                                                                                                                                                                                                   
-------------------- -------------- ---------------------                                                                                                                                                                                                                                                   
Douglas                                                 1                                                                                                                                                                                                                                                   
Jennifer                                                1                                                                                                                                                                                                                                                   
Michael                                                 1                                                                                                                                                                                                                                                   
Pat                                                     1                                                                                                                                                                                                                                                   
Susan                                                   1                                                                                                                                                                                                                                                   
Hermann                                                 1                                                                                                                                                                                                                                                   
Shelley                                                 1                                                                                                                                                                                                                                                   
William                                                 1                                                                                                                                                                                                                                                   

107 rows selected.

SQL> select first_name,commission_pct,nvl2(commission_pct,'sal+comm','sal')from employees;

FIRST_NAME           COMMISSION_PCT NVL2(COM                                                                                                                                                                                                                                                                
-------------------- -------------- --------                                                                                                                                                                                                                                                                
Steven                              sal                                                                                                                                                                                                                                                                     
Neena                               sal                                                                                                                                                                                                                                                                     
Lex                                 sal                                                                                                                                                                                                                                                                     
Alexander                           sal                                                                                                                                                                                                                                                                     
Bruce                               sal                                                                                                                                                                                                                                                                     
David                               sal                                                                                                                                                                                                                                                                     
Valli                               sal                                                                                                                                                                                                                                                                     
Diana                               sal                                                                                                                                                                                                                                                                     
Nancy                               sal                                                                                                                                                                                                                                                                     
Daniel                              sal                                                                                                                                                                                                                                                                     
John                                sal                                                                                                                                                                                                                                                                     

FIRST_NAME           COMMISSION_PCT NVL2(COM                                                                                                                                                                                                                                                                
-------------------- -------------- --------                                                                                                                                                                                                                                                                
Ismael                              sal                                                                                                                                                                                                                                                                     
Jose Manuel                         sal                                                                                                                                                                                                                                                                     
Luis                                sal                                                                                                                                                                                                                                                                     
Den                                 sal                                                                                                                                                                                                                                                                     
Alexander                           sal                                                                                                                                                                                                                                                                     
Shelli                              sal                                                                                                                                                                                                                                                                     
Sigal                               sal                                                                                                                                                                                                                                                                     
Guy                                 sal                                                                                                                                                                                                                                                                     
Karen                               sal                                                                                                                                                                                                                                                                     
Matthew                             sal                                                                                                                                                                                                                                                                     
Adam                                sal                                                                                                                                                                                                                                                                     

FIRST_NAME           COMMISSION_PCT NVL2(COM                                                                                                                                                                                                                                                                
-------------------- -------------- --------                                                                                                                                                                                                                                                                
Payam                               sal                                                                                                                                                                                                                                                                     
Shanta                              sal                                                                                                                                                                                                                                                                     
Kevin                               sal                                                                                                                                                                                                                                                                     
Julia                               sal                                                                                                                                                                                                                                                                     
Irene                               sal                                                                                                                                                                                                                                                                     
James                               sal                                                                                                                                                                                                                                                                     
Steven                              sal                                                                                                                                                                                                                                                                     
Laura                               sal                                                                                                                                                                                                                                                                     
Mozhe                               sal                                                                                                                                                                                                                                                                     
James                               sal                                                                                                                                                                                                                                                                     
TJ                                  sal                                                                                                                                                                                                                                                                     

FIRST_NAME           COMMISSION_PCT NVL2(COM                                                                                                                                                                                                                                                                
-------------------- -------------- --------                                                                                                                                                                                                                                                                
Jason                               sal                                                                                                                                                                                                                                                                     
Michael                             sal                                                                                                                                                                                                                                                                     
Ki                                  sal                                                                                                                                                                                                                                                                     
Hazel                               sal                                                                                                                                                                                                                                                                     
Renske                              sal                                                                                                                                                                                                                                                                     
Stephen                             sal                                                                                                                                                                                                                                                                     
John                                sal                                                                                                                                                                                                                                                                     
Joshua                              sal                                                                                                                                                                                                                                                                     
Trenna                              sal                                                                                                                                                                                                                                                                     
Curtis                              sal                                                                                                                                                                                                                                                                     
Randall                             sal                                                                                                                                                                                                                                                                     

FIRST_NAME           COMMISSION_PCT NVL2(COM                                                                                                                                                                                                                                                                
-------------------- -------------- --------                                                                                                                                                                                                                                                                
Peter                               sal                                                                                                                                                                                                                                                                     
John                             .4 sal+comm                                                                                                                                                                                                                                                                
Karen                            .3 sal+comm                                                                                                                                                                                                                                                                
Alberto                          .3 sal+comm                                                                                                                                                                                                                                                                
Gerald                           .3 sal+comm                                                                                                                                                                                                                                                                
Eleni                            .2 sal+comm                                                                                                                                                                                                                                                                
Peter                            .3 sal+comm                                                                                                                                                                                                                                                                
David                           .25 sal+comm                                                                                                                                                                                                                                                                
Peter                           .25 sal+comm                                                                                                                                                                                                                                                                
Christopher                      .2 sal+comm                                                                                                                                                                                                                                                                
Nanette                          .2 sal+comm                                                                                                                                                                                                                                                                

FIRST_NAME           COMMISSION_PCT NVL2(COM                                                                                                                                                                                                                                                                
-------------------- -------------- --------                                                                                                                                                                                                                                                                
Oliver                          .15 sal+comm                                                                                                                                                                                                                                                                
Janette                         .35 sal+comm                                                                                                                                                                                                                                                                
Patrick                         .35 sal+comm                                                                                                                                                                                                                                                                
Allan                           .35 sal+comm                                                                                                                                                                                                                                                                
Lindsey                          .3 sal+comm                                                                                                                                                                                                                                                                
Louise                           .3 sal+comm                                                                                                                                                                                                                                                                
Sarath                          .25 sal+comm                                                                                                                                                                                                                                                                
Clara                           .25 sal+comm                                                                                                                                                                                                                                                                
Danielle                        .15 sal+comm                                                                                                                                                                                                                                                                
Mattea                           .1 sal+comm                                                                                                                                                                                                                                                                
David                            .1 sal+comm                                                                                                                                                                                                                                                                

FIRST_NAME           COMMISSION_PCT NVL2(COM                                                                                                                                                                                                                                                                
-------------------- -------------- --------                                                                                                                                                                                                                                                                
Sundar                           .1 sal+comm                                                                                                                                                                                                                                                                
Amit                             .1 sal+comm                                                                                                                                                                                                                                                                
Lisa                            .25 sal+comm                                                                                                                                                                                                                                                                
Harrison                         .2 sal+comm                                                                                                                                                                                                                                                                
Tayler                           .2 sal+comm                                                                                                                                                                                                                                                                
William                         .15 sal+comm                                                                                                                                                                                                                                                                
Elizabeth                       .15 sal+comm                                                                                                                                                                                                                                                                
Sundita                          .1 sal+comm                                                                                                                                                                                                                                                                
Ellen                            .3 sal+comm                                                                                                                                                                                                                                                                
Alyssa                          .25 sal+comm                                                                                                                                                                                                                                                                
Jonathon                         .2 sal+comm                                                                                                                                                                                                                                                                

FIRST_NAME           COMMISSION_PCT NVL2(COM                                                                                                                                                                                                                                                                
-------------------- -------------- --------                                                                                                                                                                                                                                                                
Jack                             .2 sal+comm                                                                                                                                                                                                                                                                
Kimberely                       .15 sal+comm                                                                                                                                                                                                                                                                
Charles                          .1 sal+comm                                                                                                                                                                                                                                                                
Winston                             sal                                                                                                                                                                                                                                                                     
Jean                                sal                                                                                                                                                                                                                                                                     
Martha                              sal                                                                                                                                                                                                                                                                     
Girard                              sal                                                                                                                                                                                                                                                                     
Nandita                             sal                                                                                                                                                                                                                                                                     
Alexis                              sal                                                                                                                                                                                                                                                                     
Julia                               sal                                                                                                                                                                                                                                                                     
Anthony                             sal                                                                                                                                                                                                                                                                     

FIRST_NAME           COMMISSION_PCT NVL2(COM                                                                                                                                                                                                                                                                
-------------------- -------------- --------                                                                                                                                                                                                                                                                
Kelly                               sal                                                                                                                                                                                                                                                                     
Jennifer                            sal                                                                                                                                                                                                                                                                     
Timothy                             sal                                                                                                                                                                                                                                                                     
Randall                             sal                                                                                                                                                                                                                                                                     
Sarah                               sal                                                                                                                                                                                                                                                                     
Britney                             sal                                                                                                                                                                                                                                                                     
Samuel                              sal                                                                                                                                                                                                                                                                     
Vance                               sal                                                                                                                                                                                                                                                                     
Alana                               sal                                                                                                                                                                                                                                                                     
Kevin                               sal                                                                                                                                                                                                                                                                     
Donald                              sal                                                                                                                                                                                                                                                                     

FIRST_NAME           COMMISSION_PCT NVL2(COM                                                                                                                                                                                                                                                                
-------------------- -------------- --------                                                                                                                                                                                                                                                                
Douglas                             sal                                                                                                                                                                                                                                                                     
Jennifer                            sal                                                                                                                                                                                                                                                                     
Michael                             sal                                                                                                                                                                                                                                                                     
Pat                                 sal                                                                                                                                                                                                                                                                     
Susan                               sal                                                                                                                                                                                                                                                                     
Hermann                             sal                                                                                                                                                                                                                                                                     
Shelley                             sal                                                                                                                                                                                                                                                                     
William                             sal                                                                                                                                                                                                                                                                     

107 rows selected.

SQL> select sum(salary),avg(salary),min(salary),max(salary),count(*)from employees;

SUM(SALARY) AVG(SALARY) MIN(SALARY) MAX(SALARY)   COUNT(*)                                                                                                                                                                                                                                                  
----------- ----------- ----------- ----------- ----------                                                                                                                                                                                                                                                  
     691416  6461.83178        2100       24000        107                                                                                                                                                                                                                                                  

SQL> select department_id,count(*)from employees group by department_id;

DEPARTMENT_ID   COUNT(*)                                                                                                                                                                                                                                                                                    
------------- ----------                                                                                                                                                                                                                                                                                    
          100          6                                                                                                                                                                                                                                                                                    
           30          6                                                                                                                                                                                                                                                                                    
                       1                                                                                                                                                                                                                                                                                    
           90          3                                                                                                                                                                                                                                                                                    
           20          2                                                                                                                                                                                                                                                                                    
           70          1                                                                                                                                                                                                                                                                                    
          110          2                                                                                                                                                                                                                                                                                    
           50         45                                                                                                                                                                                                                                                                                    
           80         34                                                                                                                                                                                                                                                                                    
           40          1                                                                                                                                                                                                                                                                                    
           60          5                                                                                                                                                                                                                                                                                    

DEPARTMENT_ID   COUNT(*)                                                                                                                                                                                                                                                                                    
------------- ----------                                                                                                                                                                                                                                                                                    
           10          1                                                                                                                                                                                                                                                                                    

12 rows selected.

SQL> select department_id,count(*),sum(salary)from employees group by department
  2  ;
select department_id,count(*),sum(salary)from employees group by department
                                                                 *
ERROR at line 1:
ORA-00904: "DEPARTMENT": invalid identifier 


SQL> select department_id,count(*),sum(salary)from employees group by department_id;

DEPARTMENT_ID   COUNT(*) SUM(SALARY)                                                                                                                                                                                                                                                                        
------------- ---------- -----------                                                                                                                                                                                                                                                                        
          100          6       51608                                                                                                                                                                                                                                                                        
           30          6       24900                                                                                                                                                                                                                                                                        
                       1        7000                                                                                                                                                                                                                                                                        
           90          3       58000                                                                                                                                                                                                                                                                        
           20          2       19000                                                                                                                                                                                                                                                                        
           70          1       10000                                                                                                                                                                                                                                                                        
          110          2       20308                                                                                                                                                                                                                                                                        
           50         45      156400                                                                                                                                                                                                                                                                        
           80         34      304500                                                                                                                                                                                                                                                                        
           40          1        6500                                                                                                                                                                                                                                                                        
           60          5       28800                                                                                                                                                                                                                                                                        

DEPARTMENT_ID   COUNT(*) SUM(SALARY)                                                                                                                                                                                                                                                                        
------------- ---------- -----------                                                                                                                                                                                                                                                                        
           10          1        4400                                                                                                                                                                                                                                                                        

12 rows selected.

SQL> select department_id,sum(salary),avg(salary),min(salary),max(salary) from employees goup by department_id;
select department_id,sum(salary),avg(salary),min(salary),max(salary) from employees goup by department_id
                                                                                         *
ERROR at line 1:
ORA-00933: SQL command not properly ended 


SQL> select department_id,sum(salary),avg(salary),min(salary),max(salary) from employees group by department_id;

DEPARTMENT_ID SUM(SALARY) AVG(SALARY) MIN(SALARY) MAX(SALARY)                                                                                                                                                                                                                                               
------------- ----------- ----------- ----------- -----------                                                                                                                                                                                                                                               
          100       51608  8601.33333        6900       12008                                                                                                                                                                                                                                               
           30       24900        4150        2500       11000                                                                                                                                                                                                                                               
                     7000        7000        7000        7000                                                                                                                                                                                                                                               
           90       58000  19333.3333       17000       24000                                                                                                                                                                                                                                               
           20       19000        9500        6000       13000                                                                                                                                                                                                                                               
           70       10000       10000       10000       10000                                                                                                                                                                                                                                               
          110       20308       10154        8300       12008                                                                                                                                                                                                                                               
           50      156400  3475.55556        2100        8200                                                                                                                                                                                                                                               
           80      304500  8955.88235        6100       14000                                                                                                                                                                                                                                               
           40        6500        6500        6500        6500                                                                                                                                                                                                                                               
           60       28800        5760        4200        9000                                                                                                                                                                                                                                               

DEPARTMENT_ID SUM(SALARY) AVG(SALARY) MIN(SALARY) MAX(SALARY)                                                                                                                                                                                                                                               
------------- ----------- ----------- ----------- -----------                                                                                                                                                                                                                                               
           10        4400        4400        4400        4400                                                                                                                                                                                                                                               

12 rows selected.

SQL> select department_id,sum(salary),avg(salary),min(salary),max(salary) from employees group by department_id order by 1;

DEPARTMENT_ID SUM(SALARY) AVG(SALARY) MIN(SALARY) MAX(SALARY)                                                                                                                                                                                                                                               
------------- ----------- ----------- ----------- -----------                                                                                                                                                                                                                                               
           10        4400        4400        4400        4400                                                                                                                                                                                                                                               
           20       19000        9500        6000       13000                                                                                                                                                                                                                                               
           30       24900        4150        2500       11000                                                                                                                                                                                                                                               
           40        6500        6500        6500        6500                                                                                                                                                                                                                                               
           50      156400  3475.55556        2100        8200                                                                                                                                                                                                                                               
           60       28800        5760        4200        9000                                                                                                                                                                                                                                               
           70       10000       10000       10000       10000                                                                                                                                                                                                                                               
           80      304500  8955.88235        6100       14000                                                                                                                                                                                                                                               
           90       58000  19333.3333       17000       24000                                                                                                                                                                                                                                               
          100       51608  8601.33333        6900       12008                                                                                                                                                                                                                                               
          110       20308       10154        8300       12008                                                                                                                                                                                                                                               

DEPARTMENT_ID SUM(SALARY) AVG(SALARY) MIN(SALARY) MAX(SALARY)                                                                                                                                                                                                                                               
------------- ----------- ----------- ----------- -----------                                                                                                                                                                                                                                               
                     7000        7000        7000        7000                                                                                                                                                                                                                                               

12 rows selected.

SQL> select count(*)from employees;

  COUNT(*)                                                                                                                                                                                                                                                                                                  
----------                                                                                                                                                                                                                                                                                                  
       107                                                                                                                                                                                                                                                                                                  

SQL> select department_id,job_id,count(*) from employees group by deparment_id ,job_id;
select department_id,job_id,count(*) from employees group by deparment_id ,job_id
                                                             *
ERROR at line 1:
ORA-00904: "DEPARMENT_ID": invalid identifier 


SQL> select department_id,job_id,count(*) from employees group by department_id ,job_id;

DEPARTMENT_ID JOB_ID       COUNT(*)                                                                                                                                                                                                                                                                         
------------- ---------- ----------                                                                                                                                                                                                                                                                         
          110 AC_ACCOUNT          1                                                                                                                                                                                                                                                                         
           90 AD_VP               2                                                                                                                                                                                                                                                                         
           50 ST_CLERK           20                                                                                                                                                                                                                                                                         
           80 SA_REP             29                                                                                                                                                                                                                                                                         
           50 ST_MAN              5                                                                                                                                                                                                                                                                         
           80 SA_MAN              5                                                                                                                                                                                                                                                                         
          110 AC_MGR              1                                                                                                                                                                                                                                                                         
           90 AD_PRES             1                                                                                                                                                                                                                                                                         
           60 IT_PROG             5                                                                                                                                                                                                                                                                         
          100 FI_MGR              1                                                                                                                                                                                                                                                                         
           30 PU_CLERK            5                                                                                                                                                                                                                                                                         

DEPARTMENT_ID JOB_ID       COUNT(*)                                                                                                                                                                                                                                                                         
------------- ---------- ----------                                                                                                                                                                                                                                                                         
           50 SH_CLERK           20                                                                                                                                                                                                                                                                         
           20 MK_MAN              1                                                                                                                                                                                                                                                                         
          100 FI_ACCOUNT          5                                                                                                                                                                                                                                                                         
              SA_REP              1                                                                                                                                                                                                                                                                         
           70 PR_REP              1                                                                                                                                                                                                                                                                         
           30 PU_MAN              1                                                                                                                                                                                                                                                                         
           10 AD_ASST             1                                                                                                                                                                                                                                                                         
           20 MK_REP              1                                                                                                                                                                                                                                                                         
           40 HR_REP              1                                                                                                                                                                                                                                                                         

20 rows selected.

SQL> select department_id ,max(salary),min(salary) from employees group by department_id;

DEPARTMENT_ID MAX(SALARY) MIN(SALARY)                                                                                                                                                                                                                                                                       
------------- ----------- -----------                                                                                                                                                                                                                                                                       
          100       12008        6900                                                                                                                                                                                                                                                                       
           30       11000        2500                                                                                                                                                                                                                                                                       
                     7000        7000                                                                                                                                                                                                                                                                       
           90       24000       17000                                                                                                                                                                                                                                                                       
           20       13000        6000                                                                                                                                                                                                                                                                       
           70       10000       10000                                                                                                                                                                                                                                                                       
          110       12008        8300                                                                                                                                                                                                                                                                       
           50        8200        2100                                                                                                                                                                                                                                                                       
           80       14000        6100                                                                                                                                                                                                                                                                       
           40        6500        6500                                                                                                                                                                                                                                                                       
           60        9000        4200                                                                                                                                                                                                                                                                       

DEPARTMENT_ID MAX(SALARY) MIN(SALARY)                                                                                                                                                                                                                                                                       
------------- ----------- -----------                                                                                                                                                                                                                                                                       
           10        4400        4400                                                                                                                                                                                                                                                                       

12 rows selected.

SQL> select department_id ,max(salary),min(salary) from employees where department_id <=40 group by department_id;

DEPARTMENT_ID MAX(SALARY) MIN(SALARY)                                                                                                                                                                                                                                                                       
------------- ----------- -----------                                                                                                                                                                                                                                                                       
           10        4400        4400                                                                                                                                                                                                                                                                       
           20       13000        6000                                                                                                                                                                                                                                                                       
           30       11000        2500                                                                                                                                                                                                                                                                       
           40        6500        6500                                                                                                                                                                                                                                                                       

SQL> select department_id ,max(salary),min(salary) from employees where department_id <=40 group by department_id having max(salary)<=20000;

DEPARTMENT_ID MAX(SALARY) MIN(SALARY)                                                                                                                                                                                                                                                                       
------------- ----------- -----------                                                                                                                                                                                                                                                                       
           10        4400        4400                                                                                                                                                                                                                                                                       
           20       13000        6000                                                                                                                                                                                                                                                                       
           30       11000        2500                                                                                                                                                                                                                                                                       
           40        6500        6500                                                                                                                                                                                                                                                                       

SQL> select department_id ,max(salary),min(salary),count(*) from employees group by department_id having count >4;
select department_id ,max(salary),min(salary),count(*) from employees group by department_id having count >4
                                                                                                    *
ERROR at line 1:
ORA-00904: "COUNT": invalid identifier 


SQL> select department_id ,max(salary),min(salary),count(*) from employees group by department_id having count(*) >4;

DEPARTMENT_ID MAX(SALARY) MIN(SALARY)   COUNT(*)                                                                                                                                                                                                                                                            
------------- ----------- ----------- ----------                                                                                                                                                                                                                                                            
          100       12008        6900          6                                                                                                                                                                                                                                                            
           30       11000        2500          6                                                                                                                                                                                                                                                            
           50        8200        2100         45                                                                                                                                                                                                                                                            
           80       14000        6100         34                                                                                                                                                                                                                                                            
           60        9000        4200          5                                                                                                                                                                                                                                                            

SQL> select min(hire_date),max(hire_date) from employees;

MIN(HIRE_ MAX(HIRE_                                                                                                                                                                                                                                                                                         
--------- ---------                                                                                                                                                                                                                                                                                         
13-JAN-01 21-APR-08                                                                                                                                                                                                                                                                                         

SQL> select min(first_name),max(first_name) from employees;

MIN(FIRST_NAME)      MAX(FIRST_NAME)                                                                                                                                                                                                                                                                        
-------------------- --------------------                                                                                                                                                                                                                                                                   
Adam                 Winston                                                                                                                                                                                                                                                                                

SQL> select hire_date,first_name form employees where hire_date like '%JAN%';
select hire_date,first_name form employees where hire_date like '%JAN%'
                                 *
ERROR at line 1:
ORA-00923: FROM keyword not found where expected 


SQL> select hire_date,first_name from employees where hire_date like '%JAN%';

HIRE_DATE FIRST_NAME                                                                                                                                                                                                                                                                                        
--------- --------------------                                                                                                                                                                                                                                                                              
13-JAN-01 Lex                                                                                                                                                                                                                                                                                               
03-JAN-06 Alexander                                                                                                                                                                                                                                                                                         
14-JAN-07 James                                                                                                                                                                                                                                                                                             
29-JAN-05 Curtis                                                                                                                                                                                                                                                                                            
05-JAN-05 Karen                                                                                                                                                                                                                                                                                             
29-JAN-08 Eleni                                                                                                                                                                                                                                                                                             
30-JAN-05 Peter                                                                                                                                                                                                                                                                                             
30-JAN-04 Janette                                                                                                                                                                                                                                                                                           
24-JAN-08 Mattea                                                                                                                                                                                                                                                                                            
24-JAN-06 Tayler                                                                                                                                                                                                                                                                                            
04-JAN-08 Charles                                                                                                                                                                                                                                                                                           

HIRE_DATE FIRST_NAME                                                                                                                                                                                                                                                                                        
--------- --------------------                                                                                                                                                                                                                                                                              
24-JAN-06 Winston                                                                                                                                                                                                                                                                                           
27-JAN-04 Nandita                                                                                                                                                                                                                                                                                           
13-JAN-08 Douglas                                                                                                                                                                                                                                                                                           

14 rows selected.

SQL> select hire_date,first_name from employees where mm ='JAN';
select hire_date,first_name from employees where mm ='JAN'
                                                 *
ERROR at line 1:
ORA-00904: "MM": invalid identifier 


SQL> select hire_date,first_name from employees where substr(hire_date,4,3)='JAN' ;

HIRE_DATE FIRST_NAME                                                                                                                                                                                                                                                                                        
--------- --------------------                                                                                                                                                                                                                                                                              
13-JAN-01 Lex                                                                                                                                                                                                                                                                                               
03-JAN-06 Alexander                                                                                                                                                                                                                                                                                         
14-JAN-07 James                                                                                                                                                                                                                                                                                             
29-JAN-05 Curtis                                                                                                                                                                                                                                                                                            
05-JAN-05 Karen                                                                                                                                                                                                                                                                                             
29-JAN-08 Eleni                                                                                                                                                                                                                                                                                             
30-JAN-05 Peter                                                                                                                                                                                                                                                                                             
30-JAN-04 Janette                                                                                                                                                                                                                                                                                           
24-JAN-08 Mattea                                                                                                                                                                                                                                                                                            
24-JAN-06 Tayler                                                                                                                                                                                                                                                                                            
04-JAN-08 Charles                                                                                                                                                                                                                                                                                           

HIRE_DATE FIRST_NAME                                                                                                                                                                                                                                                                                        
--------- --------------------                                                                                                                                                                                                                                                                              
24-JAN-06 Winston                                                                                                                                                                                                                                                                                           
27-JAN-04 Nandita                                                                                                                                                                                                                                                                                           
13-JAN-08 Douglas                                                                                                                                                                                                                                                                                           

14 rows selected.

SQL> select hire_date,first_name from employees where substr(hire_date,4,3)='JAN' order by desc ;
select hire_date,first_name from employees where substr(hire_date,4,3)='JAN' order by desc 
                                                                                      *
ERROR at line 1:
ORA-00936: missing expression 


SQL> spool off
