SQL> desc employees;
 Name                                      Null?    Type
 ----------------------------------------- -------- ----------------------------
 EMPLOYEE_ID                               NOT NULL NUMBER(6)
 FIRST_NAME                                         VARCHAR2(20)
 LAST_NAME                                 NOT NULL VARCHAR2(25)
 EMAIL                                     NOT NULL VARCHAR2(25)
 PHONE_NUMBER                                       VARCHAR2(20)
 HIRE_DATE                                 NOT NULL DATE
 JOB_ID                                    NOT NULL VARCHAR2(10)
 SALARY                                             NUMBER(8,2)
 COMMISSION_PCT                                     NUMBER(2,2)
 MANAGER_ID                                         NUMBER(6)
 DEPARTMENT_ID                                      NUMBER(4)

SQL> desc departmet;
ERROR:
ORA-04043: object departmet does not exist 


SQL> desc departmets;
ERROR:
ORA-04043: object departmets does not exist 


SQL> desc departments;
 Name                                      Null?    Type
 ----------------------------------------- -------- ----------------------------
 DEPARTMENT_ID                             NOT NULL NUMBER(4)
 DEPARTMENT_NAME                           NOT NULL VARCHAR2(30)
 MANAGER_ID                                         NUMBER(6)
 LOCATION_ID                                        NUMBER(4)

SQL> select first_name,department_name from employees join departments
  2  using(department_id);

FIRST_NAME           DEPARTMENT_NAME                                            
-------------------- ------------------------------                             
Jennifer             Administration                                             
Pat                  Marketing                                                  
Michael              Marketing                                                  
Sigal                Purchasing                                                 
Karen                Purchasing                                                 
Shelli               Purchasing                                                 
Den                  Purchasing                                                 
Alexander            Purchasing                                                 
Guy                  Purchasing                                                 
Susan                Human Resources                                            
Kevin                Shipping                                                   

FIRST_NAME           DEPARTMENT_NAME                                            
-------------------- ------------------------------                             
Jean                 Shipping                                                   
Adam                 Shipping                                                   
Timothy              Shipping                                                   
Ki                   Shipping                                                   
Girard               Shipping                                                   
Douglas              Shipping                                                   
Vance                Shipping                                                   
Payam                Shipping                                                   
Renske               Shipping                                                   
Britney              Shipping                                                   
Jennifer             Shipping                                                   

FIRST_NAME           DEPARTMENT_NAME                                            
-------------------- ------------------------------                             
Julia                Shipping                                                   
Curtis               Shipping                                                   
Kelly                Shipping                                                   
Anthony              Shipping                                                   
Alexis               Shipping                                                   
Laura                Shipping                                                   
Sarah                Shipping                                                   
Mozhe                Shipping                                                   
James                Shipping                                                   
Matthew              Shipping                                                   
Alana                Shipping                                                   

FIRST_NAME           DEPARTMENT_NAME                                            
-------------------- ------------------------------                             
Shanta               Shipping                                                   
Peter                Shipping                                                   
Winston              Shipping                                                   
Jason                Shipping                                                   
Steven               Shipping                                                   
James                Shipping                                                   
Randall              Shipping                                                   
Samuel               Shipping                                                   
Irene                Shipping                                                   
Kevin                Shipping                                                   
Julia                Shipping                                                   

FIRST_NAME           DEPARTMENT_NAME                                            
-------------------- ------------------------------                             
Donald               Shipping                                                   
TJ                   Shipping                                                   
Joshua               Shipping                                                   
Randall              Shipping                                                   
Hazel                Shipping                                                   
Trenna               Shipping                                                   
Michael              Shipping                                                   
Nandita              Shipping                                                   
John                 Shipping                                                   
Stephen              Shipping                                                   
Martha               Shipping                                                   

FIRST_NAME           DEPARTMENT_NAME                                            
-------------------- ------------------------------                             
David                IT                                                         
Valli                IT                                                         
Bruce                IT                                                         
Diana                IT                                                         
Alexander            IT                                                         
Hermann              Public Relations                                           
Ellen                Sales                                                      
Sundar               Sales                                                      
Amit                 Sales                                                      
Elizabeth            Sales                                                      
David                Sales                                                      

FIRST_NAME           DEPARTMENT_NAME                                            
-------------------- ------------------------------                             
Harrison             Sales                                                      
Gerald               Sales                                                      
Nanette              Sales                                                      
Louise               Sales                                                      
Alberto              Sales                                                      
Tayler               Sales                                                      
Danielle             Sales                                                      
Peter                Sales                                                      
Alyssa               Sales                                                      
Charles              Sales                                                      
Janette              Sales                                                      

FIRST_NAME           DEPARTMENT_NAME                                            
-------------------- ------------------------------                             
Sundita              Sales                                                      
David                Sales                                                      
Jack                 Sales                                                      
Mattea               Sales                                                      
Allan                Sales                                                      
Christopher          Sales                                                      
Lisa                 Sales                                                      
Karen                Sales                                                      
John                 Sales                                                      
Sarath               Sales                                                      
Lindsey              Sales                                                      

FIRST_NAME           DEPARTMENT_NAME                                            
-------------------- ------------------------------                             
William              Sales                                                      
Patrick              Sales                                                      
Jonathon             Sales                                                      
Peter                Sales                                                      
Oliver               Sales                                                      
Clara                Sales                                                      
Eleni                Sales                                                      
Neena                Executive                                                  
Steven               Executive                                                  
Lex                  Executive                                                  
Luis                 Finance                                                    

FIRST_NAME           DEPARTMENT_NAME                                            
-------------------- ------------------------------                             
Jose Manuel          Finance                                                    
John                 Finance                                                    
Daniel               Finance                                                    
Ismael               Finance                                                    
Nancy                Finance                                                    
William              Accounting                                                 
Shelley              Accounting                                                 

106 rows selected.

SQL> desc employees;
 Name                                      Null?    Type
 ----------------------------------------- -------- ----------------------------
 EMPLOYEE_ID                               NOT NULL NUMBER(6)
 FIRST_NAME                                         VARCHAR2(20)
 LAST_NAME                                 NOT NULL VARCHAR2(25)
 EMAIL                                     NOT NULL VARCHAR2(25)
 PHONE_NUMBER                                       VARCHAR2(20)
 HIRE_DATE                                 NOT NULL DATE
 JOB_ID                                    NOT NULL VARCHAR2(10)
 SALARY                                             NUMBER(8,2)
 COMMISSION_PCT                                     NUMBER(2,2)
 MANAGER_ID                                         NUMBER(6)
 DEPARTMENT_ID                                      NUMBER(4)

SQL> desc departments;
 Name                                      Null?    Type
 ----------------------------------------- -------- ----------------------------
 DEPARTMENT_ID                             NOT NULL NUMBER(4)
 DEPARTMENT_NAME                           NOT NULL VARCHAR2(30)
 MANAGER_ID                                         NUMBER(6)
 LOCATION_ID                                        NUMBER(4)

SQL> desc locations;
 Name                                      Null?    Type
 ----------------------------------------- -------- ----------------------------
 LOCATION_ID                               NOT NULL NUMBER(4)
 STREET_ADDRESS                                     VARCHAR2(40)
 POSTAL_CODE                                        VARCHAR2(12)
 CITY                                      NOT NULL VARCHAR2(30)
 STATE_PROVINCE                                     VARCHAR2(25)
 COUNTRY_ID                                         CHAR(2)

SQL> select department_name,ciyt from departnames join locations
  2  using(location_id);
select department_name,ciyt from departnames join locations
                                 *
ERROR at line 1:
ORA-00942: table or view does not exist 


SQL> select department_name,city from departments join locations
  2  using
  3  (location_id);

DEPARTMENT_NAME                CITY                                             
------------------------------ ------------------------------                   
IT                             Southlake                                        
Shipping                       South San Francisco                              
Administration                 Seattle                                          
Purchasing                     Seattle                                          
Executive                      Seattle                                          
Finance                        Seattle                                          
Accounting                     Seattle                                          
Treasury                       Seattle                                          
Corporate Tax                  Seattle                                          
Control And Credit             Seattle                                          
Shareholder Services           Seattle                                          

DEPARTMENT_NAME                CITY                                             
------------------------------ ------------------------------                   
Benefits                       Seattle                                          
Manufacturing                  Seattle                                          
Construction                   Seattle                                          
Contracting                    Seattle                                          
Operations                     Seattle                                          
IT Support                     Seattle                                          
NOC                            Seattle                                          
IT Helpdesk                    Seattle                                          
Government Sales               Seattle                                          
Retail Sales                   Seattle                                          
Recruiting                     Seattle                                          

DEPARTMENT_NAME                CITY                                             
------------------------------ ------------------------------                   
Payroll                        Seattle                                          
Marketing                      Toronto                                          
Human Resources                London                                           
Sales                          Oxford                                           
Public Relations               Munich                                           

27 rows selected.

SQL> desc employees;
 Name                                      Null?    Type
 ----------------------------------------- -------- ----------------------------
 EMPLOYEE_ID                               NOT NULL NUMBER(6)
 FIRST_NAME                                         VARCHAR2(20)
 LAST_NAME                                 NOT NULL VARCHAR2(25)
 EMAIL                                     NOT NULL VARCHAR2(25)
 PHONE_NUMBER                                       VARCHAR2(20)
 HIRE_DATE                                 NOT NULL DATE
 JOB_ID                                    NOT NULL VARCHAR2(10)
 SALARY                                             NUMBER(8,2)
 COMMISSION_PCT                                     NUMBER(2,2)
 MANAGER_ID                                         NUMBER(6)
 DEPARTMENT_ID                                      NUMBER(4)

SQL> desc departments;
 Name                                      Null?    Type
 ----------------------------------------- -------- ----------------------------
 DEPARTMENT_ID                             NOT NULL NUMBER(4)
 DEPARTMENT_NAME                           NOT NULL VARCHAR2(30)
 MANAGER_ID                                         NUMBER(6)
 LOCATION_ID                                        NUMBER(4)

SQL> desc locations;
 Name                                      Null?    Type
 ----------------------------------------- -------- ----------------------------
 LOCATION_ID                               NOT NULL NUMBER(4)
 STREET_ADDRESS                                     VARCHAR2(40)
 POSTAL_CODE                                        VARCHAR2(12)
 CITY                                      NOT NULL VARCHAR2(30)
 STATE_PROVINCE                                     VARCHAR2(25)
 COUNTRY_ID                                         CHAR(2)

SQL> desc countries;
 Name                                      Null?    Type
 ----------------------------------------- -------- ----------------------------
 COUNTRY_ID                                NOT NULL CHAR(2)
 COUNTRY_NAME                                       VARCHAR2(40)
 REGION_ID                                          NUMBER

SQL> select country_name,city from locations join countries
  2  using(country_id);

COUNTRY_NAME                             CITY                                   
---------------------------------------- ------------------------------         
Australia                                Sydney                                 
Brazil                                   Sao Paulo                              
Canada                                   Toronto                                
Canada                                   Whitehorse                             
Switzerland                              Geneva                                 
Switzerland                              Bern                                   
China                                    Beijing                                
Germany                                  Munich                                 
India                                    Bombay                                 
Italy                                    Roma                                   
Italy                                    Venice                                 

COUNTRY_NAME                             CITY                                   
---------------------------------------- ------------------------------         
Japan                                    Tokyo                                  
Japan                                    Hiroshima                              
Mexico                                   Mexico City                            
Netherlands                              Utrecht                                
Singapore                                Singapore                              
United Kingdom                           London                                 
United Kingdom                           Oxford                                 
United Kingdom                           Stretford                              
United States of America                 Southlake                              
United States of America                 South San Francisco                    
United States of America                 South Brunswick                        

COUNTRY_NAME                             CITY                                   
---------------------------------------- ------------------------------         
United States of America                 Seattle                                

23 rows selected.

SQL> desc regions;
 Name                                      Null?    Type
 ----------------------------------------- -------- ----------------------------
 REGION_ID                                 NOT NULL NUMBER
 REGION_NAME                                        VARCHAR2(25)

SQL> desc countries;
 Name                                      Null?    Type
 ----------------------------------------- -------- ----------------------------
 COUNTRY_ID                                NOT NULL CHAR(2)
 COUNTRY_NAME                                       VARCHAR2(40)
 REGION_ID                                          NUMBER

SQL> select region_name,country_name from regions join countries using(region_id);

REGION_NAME               COUNTRY_NAME                                          
------------------------- ----------------------------------------              
Europe                    Netherlands                                           
Europe                    France                                                
Europe                    United Kingdom                                        
Europe                    Denmark                                               
Europe                    Belgium                                               
Europe                    Switzerland                                           
Europe                    Italy                                                 
Europe                    Germany                                               
Americas                  United States of America                              
Americas                  Canada                                                
Americas                  Mexico                                                

REGION_NAME               COUNTRY_NAME                                          
------------------------- ----------------------------------------              
Americas                  Brazil                                                
Americas                  Argentina                                             
Asia                      Malaysia                                              
Asia                      Japan                                                 
Asia                      India                                                 
Asia                      China                                                 
Asia                      Australia                                             
Asia                      Singapore                                             
Middle East and Africa    Israel                                                
Middle East and Africa    Zambia                                                
Middle East and Africa    Egypt                                                 

REGION_NAME               COUNTRY_NAME                                          
------------------------- ----------------------------------------              
Middle East and Africa    Zimbabwe                                              
Middle East and Africa    Nigeria                                               
Middle East and Africa    Kuwait                                                

25 rows selected.

SQL> cl scr

SQL> desc employees;
 Name                                      Null?    Type
 ----------------------------------------- -------- ----------------------------
 EMPLOYEE_ID                               NOT NULL NUMBER(6)
 FIRST_NAME                                         VARCHAR2(20)
 LAST_NAME                                 NOT NULL VARCHAR2(25)
 EMAIL                                     NOT NULL VARCHAR2(25)
 PHONE_NUMBER                                       VARCHAR2(20)
 HIRE_DATE                                 NOT NULL DATE
 JOB_ID                                    NOT NULL VARCHAR2(10)
 SALARY                                             NUMBER(8,2)
 COMMISSION_PCT                                     NUMBER(2,2)
 MANAGER_ID                                         NUMBER(6)
 DEPARTMENT_ID                                      NUMBER(4)

SQL> desc departments;
 Name                                      Null?    Type
 ----------------------------------------- -------- ----------------------------
 DEPARTMENT_ID                             NOT NULL NUMBER(4)
 DEPARTMENT_NAME                           NOT NULL VARCHAR2(30)
 MANAGER_ID                                         NUMBER(6)
 LOCATION_ID                                        NUMBER(4)

SQL> desc locations;
 Name                                      Null?    Type
 ----------------------------------------- -------- ----------------------------
 LOCATION_ID                               NOT NULL NUMBER(4)
 STREET_ADDRESS                                     VARCHAR2(40)
 POSTAL_CODE                                        VARCHAR2(12)
 CITY                                      NOT NULL VARCHAR2(30)
 STATE_PROVINCE                                     VARCHAR2(25)
 COUNTRY_ID                                         CHAR(2)

SQL> select first_name,department_name,city from employees join departments
  2  using(department_id) join locations using(location_id);

FIRST_NAME           DEPARTMENT_NAME                                            
-------------------- ------------------------------                             
CITY                                                                            
------------------------------                                                  
Ellen                Sales                                                      
Oxford                                                                          
                                                                                
Sundar               Sales                                                      
Oxford                                                                          
                                                                                
Mozhe                Shipping                                                   
South San Francisco                                                             
                                                                                

FIRST_NAME           DEPARTMENT_NAME                                            
-------------------- ------------------------------                             
CITY                                                                            
------------------------------                                                  
David                IT                                                         
Southlake                                                                       
                                                                                
Hermann              Public Relations                                           
Munich                                                                          
                                                                                
Shelli               Purchasing                                                 
Seattle                                                                         
                                                                                

FIRST_NAME           DEPARTMENT_NAME                                            
-------------------- ------------------------------                             
CITY                                                                            
------------------------------                                                  
Amit                 Sales                                                      
Oxford                                                                          
                                                                                
Elizabeth            Sales                                                      
Oxford                                                                          
                                                                                
Sarah                Shipping                                                   
South San Francisco                                                             
                                                                                

FIRST_NAME           DEPARTMENT_NAME                                            
-------------------- ------------------------------                             
CITY                                                                            
------------------------------                                                  
David                Sales                                                      
Oxford                                                                          
                                                                                
Laura                Shipping                                                   
South San Francisco                                                             
                                                                                
Harrison             Sales                                                      
Oxford                                                                          
                                                                                

FIRST_NAME           DEPARTMENT_NAME                                            
-------------------- ------------------------------                             
CITY                                                                            
------------------------------                                                  
Alexis               Shipping                                                   
South San Francisco                                                             
                                                                                
Anthony              Shipping                                                   
South San Francisco                                                             
                                                                                
Gerald               Sales                                                      
Oxford                                                                          
                                                                                

FIRST_NAME           DEPARTMENT_NAME                                            
-------------------- ------------------------------                             
CITY                                                                            
------------------------------                                                  
Nanette              Sales                                                      
Oxford                                                                          
                                                                                
John                 Finance                                                    
Seattle                                                                         
                                                                                
Kelly                Shipping                                                   
South San Francisco                                                             
                                                                                

FIRST_NAME           DEPARTMENT_NAME                                            
-------------------- ------------------------------                             
CITY                                                                            
------------------------------                                                  
Karen                Purchasing                                                 
Seattle                                                                         
                                                                                
Curtis               Shipping                                                   
South San Francisco                                                             
                                                                                
Lex                  Executive                                                  
Seattle                                                                         
                                                                                

FIRST_NAME           DEPARTMENT_NAME                                            
-------------------- ------------------------------                             
CITY                                                                            
------------------------------                                                  
Julia                Shipping                                                   
South San Francisco                                                             
                                                                                
Jennifer             Shipping                                                   
South San Francisco                                                             
                                                                                
Louise               Sales                                                      
Oxford                                                                          
                                                                                

FIRST_NAME           DEPARTMENT_NAME                                            
-------------------- ------------------------------                             
CITY                                                                            
------------------------------                                                  
Bruce                IT                                                         
Southlake                                                                       
                                                                                
Alberto              Sales                                                      
Oxford                                                                          
                                                                                
Britney              Shipping                                                   
South San Francisco                                                             
                                                                                

FIRST_NAME           DEPARTMENT_NAME                                            
-------------------- ------------------------------                             
CITY                                                                            
------------------------------                                                  
Daniel               Finance                                                    
Seattle                                                                         
                                                                                
Pat                  Marketing                                                  
Toronto                                                                         
                                                                                
Kevin                Shipping                                                   
South San Francisco                                                             
                                                                                

FIRST_NAME           DEPARTMENT_NAME                                            
-------------------- ------------------------------                             
CITY                                                                            
------------------------------                                                  
Jean                 Shipping                                                   
South San Francisco                                                             
                                                                                
Tayler               Sales                                                      
Oxford                                                                          
                                                                                
Adam                 Shipping                                                   
South San Francisco                                                             
                                                                                

FIRST_NAME           DEPARTMENT_NAME                                            
-------------------- ------------------------------                             
CITY                                                                            
------------------------------                                                  
Timothy              Shipping                                                   
South San Francisco                                                             
                                                                                
Ki                   Shipping                                                   
South San Francisco                                                             
                                                                                
Girard               Shipping                                                   
South San Francisco                                                             
                                                                                

FIRST_NAME           DEPARTMENT_NAME                                            
-------------------- ------------------------------                             
CITY                                                                            
------------------------------                                                  
William              Accounting                                                 
Seattle                                                                         
                                                                                
Douglas              Shipping                                                   
South San Francisco                                                             
                                                                                
Nancy                Finance                                                    
Seattle                                                                         
                                                                                

FIRST_NAME           DEPARTMENT_NAME                                            
-------------------- ------------------------------                             
CITY                                                                            
------------------------------                                                  
Danielle             Sales                                                      
Oxford                                                                          
                                                                                
Peter                Sales                                                      
Oxford                                                                          
                                                                                
Michael              Marketing                                                  
Toronto                                                                         
                                                                                

FIRST_NAME           DEPARTMENT_NAME                                            
-------------------- ------------------------------                             
CITY                                                                            
------------------------------                                                  
Shelley              Accounting                                                 
Seattle                                                                         
                                                                                
Guy                  Purchasing                                                 
Seattle                                                                         
                                                                                
Alexander            IT                                                         
Southlake                                                                       
                                                                                

FIRST_NAME           DEPARTMENT_NAME                                            
-------------------- ------------------------------                             
CITY                                                                            
------------------------------                                                  
Alyssa               Sales                                                      
Oxford                                                                          
                                                                                
Charles              Sales                                                      
Oxford                                                                          
                                                                                
Vance                Shipping                                                   
South San Francisco                                                             
                                                                                

FIRST_NAME           DEPARTMENT_NAME                                            
-------------------- ------------------------------                             
CITY                                                                            
------------------------------                                                  
Payam                Shipping                                                   
South San Francisco                                                             
                                                                                
Alexander            Purchasing                                                 
Seattle                                                                         
                                                                                
Janette              Sales                                                      
Oxford                                                                          
                                                                                

FIRST_NAME           DEPARTMENT_NAME                                            
-------------------- ------------------------------                             
CITY                                                                            
------------------------------                                                  
Steven               Executive                                                  
Seattle                                                                         
                                                                                
Neena                Executive                                                  
Seattle                                                                         
                                                                                
Sundita              Sales                                                      
Oxford                                                                          
                                                                                

FIRST_NAME           DEPARTMENT_NAME                                            
-------------------- ------------------------------                             
CITY                                                                            
------------------------------                                                  
Renske               Shipping                                                   
South San Francisco                                                             
                                                                                
James                Shipping                                                   
South San Francisco                                                             
                                                                                
David                Sales                                                      
Oxford                                                                          
                                                                                

FIRST_NAME           DEPARTMENT_NAME                                            
-------------------- ------------------------------                             
CITY                                                                            
------------------------------                                                  
Jack                 Sales                                                      
Oxford                                                                          
                                                                                
Diana                IT                                                         
Southlake                                                                       
                                                                                
Jason                Shipping                                                   
South San Francisco                                                             
                                                                                

FIRST_NAME           DEPARTMENT_NAME                                            
-------------------- ------------------------------                             
CITY                                                                            
------------------------------                                                  
Steven               Shipping                                                   
South San Francisco                                                             
                                                                                
James                Shipping                                                   
South San Francisco                                                             
                                                                                
Mattea               Sales                                                      
Oxford                                                                          
                                                                                

FIRST_NAME           DEPARTMENT_NAME                                            
-------------------- ------------------------------                             
CITY                                                                            
------------------------------                                                  
Randall              Shipping                                                   
South San Francisco                                                             
                                                                                
Susan                Human Resources                                            
London                                                                          
                                                                                
Samuel               Shipping                                                   
South San Francisco                                                             
                                                                                

FIRST_NAME           DEPARTMENT_NAME                                            
-------------------- ------------------------------                             
CITY                                                                            
------------------------------                                                  
Allan                Sales                                                      
Oxford                                                                          
                                                                                
Irene                Shipping                                                   
South San Francisco                                                             
                                                                                
Kevin                Shipping                                                   
South San Francisco                                                             
                                                                                

FIRST_NAME           DEPARTMENT_NAME                                            
-------------------- ------------------------------                             
CITY                                                                            
------------------------------                                                  
Julia                Shipping                                                   
South San Francisco                                                             
                                                                                
Donald               Shipping                                                   
South San Francisco                                                             
                                                                                
Christopher          Sales                                                      
Oxford                                                                          
                                                                                

FIRST_NAME           DEPARTMENT_NAME                                            
-------------------- ------------------------------                             
CITY                                                                            
------------------------------                                                  
TJ                   Shipping                                                   
South San Francisco                                                             
                                                                                
Lisa                 Sales                                                      
Oxford                                                                          
                                                                                
Karen                Sales                                                      
Oxford                                                                          
                                                                                

FIRST_NAME           DEPARTMENT_NAME                                            
-------------------- ------------------------------                             
CITY                                                                            
------------------------------                                                  
Valli                IT                                                         
Southlake                                                                       
                                                                                
Joshua               Shipping                                                   
South San Francisco                                                             
                                                                                
Randall              Shipping                                                   
South San Francisco                                                             
                                                                                

FIRST_NAME           DEPARTMENT_NAME                                            
-------------------- ------------------------------                             
CITY                                                                            
------------------------------                                                  
Hazel                Shipping                                                   
South San Francisco                                                             
                                                                                
Luis                 Finance                                                    
Seattle                                                                         
                                                                                
Trenna               Shipping                                                   
South San Francisco                                                             
                                                                                

FIRST_NAME           DEPARTMENT_NAME                                            
-------------------- ------------------------------                             
CITY                                                                            
------------------------------                                                  
Den                  Purchasing                                                 
Seattle                                                                         
                                                                                
Michael              Shipping                                                   
South San Francisco                                                             
                                                                                
John                 Sales                                                      
Oxford                                                                          
                                                                                

FIRST_NAME           DEPARTMENT_NAME                                            
-------------------- ------------------------------                             
CITY                                                                            
------------------------------                                                  
Nandita              Shipping                                                   
South San Francisco                                                             
                                                                                
Ismael               Finance                                                    
Seattle                                                                         
                                                                                
John                 Shipping                                                   
South San Francisco                                                             
                                                                                

FIRST_NAME           DEPARTMENT_NAME                                            
-------------------- ------------------------------                             
CITY                                                                            
------------------------------                                                  
Sarath               Sales                                                      
Oxford                                                                          
                                                                                
Lindsey              Sales                                                      
Oxford                                                                          
                                                                                
William              Sales                                                      
Oxford                                                                          
                                                                                

FIRST_NAME           DEPARTMENT_NAME                                            
-------------------- ------------------------------                             
CITY                                                                            
------------------------------                                                  
Stephen              Shipping                                                   
South San Francisco                                                             
                                                                                
Martha               Shipping                                                   
South San Francisco                                                             
                                                                                
Patrick              Sales                                                      
Oxford                                                                          
                                                                                

FIRST_NAME           DEPARTMENT_NAME                                            
-------------------- ------------------------------                             
CITY                                                                            
------------------------------                                                  
Jonathon             Sales                                                      
Oxford                                                                          
                                                                                
Winston              Shipping                                                   
South San Francisco                                                             
                                                                                
Sigal                Purchasing                                                 
Seattle                                                                         
                                                                                

FIRST_NAME           DEPARTMENT_NAME                                            
-------------------- ------------------------------                             
CITY                                                                            
------------------------------                                                  
Peter                Sales                                                      
Oxford                                                                          
                                                                                
Oliver               Sales                                                      
Oxford                                                                          
                                                                                
Jose Manuel          Finance                                                    
Seattle                                                                         
                                                                                

FIRST_NAME           DEPARTMENT_NAME                                            
-------------------- ------------------------------                             
CITY                                                                            
------------------------------                                                  
Peter                Shipping                                                   
South San Francisco                                                             
                                                                                
Clara                Sales                                                      
Oxford                                                                          
                                                                                
Shanta               Shipping                                                   
South San Francisco                                                             
                                                                                

FIRST_NAME           DEPARTMENT_NAME                                            
-------------------- ------------------------------                             
CITY                                                                            
------------------------------                                                  
Alana                Shipping                                                   
South San Francisco                                                             
                                                                                
Matthew              Shipping                                                   
South San Francisco                                                             
                                                                                
Jennifer             Administration                                             
Seattle                                                                         
                                                                                

FIRST_NAME           DEPARTMENT_NAME                                            
-------------------- ------------------------------                             
CITY                                                                            
------------------------------                                                  
Eleni                Sales                                                      
Oxford                                                                          
                                                                                

106 rows selected.

SQL> set lines 180;
SQL> select first_name,department_name,city from employees join departments
  2  using(department_id) join locations using(location_id);

FIRST_NAME           DEPARTMENT_NAME                CITY                                                                                                                            
-------------------- ------------------------------ ------------------------------                                                                                                  
Ellen                Sales                          Oxford                                                                                                                          
Sundar               Sales                          Oxford                                                                                                                          
Mozhe                Shipping                       South San Francisco                                                                                                             
David                IT                             Southlake                                                                                                                       
Hermann              Public Relations               Munich                                                                                                                          
Shelli               Purchasing                     Seattle                                                                                                                         
Amit                 Sales                          Oxford                                                                                                                          
Elizabeth            Sales                          Oxford                                                                                                                          
Sarah                Shipping                       South San Francisco                                                                                                             
David                Sales                          Oxford                                                                                                                          
Laura                Shipping                       South San Francisco                                                                                                             

FIRST_NAME           DEPARTMENT_NAME                CITY                                                                                                                            
-------------------- ------------------------------ ------------------------------                                                                                                  
Harrison             Sales                          Oxford                                                                                                                          
Alexis               Shipping                       South San Francisco                                                                                                             
Anthony              Shipping                       South San Francisco                                                                                                             
Gerald               Sales                          Oxford                                                                                                                          
Nanette              Sales                          Oxford                                                                                                                          
John                 Finance                        Seattle                                                                                                                         
Kelly                Shipping                       South San Francisco                                                                                                             
Karen                Purchasing                     Seattle                                                                                                                         
Curtis               Shipping                       South San Francisco                                                                                                             
Lex                  Executive                      Seattle                                                                                                                         
Julia                Shipping                       South San Francisco                                                                                                             

FIRST_NAME           DEPARTMENT_NAME                CITY                                                                                                                            
-------------------- ------------------------------ ------------------------------                                                                                                  
Jennifer             Shipping                       South San Francisco                                                                                                             
Louise               Sales                          Oxford                                                                                                                          
Bruce                IT                             Southlake                                                                                                                       
Alberto              Sales                          Oxford                                                                                                                          
Britney              Shipping                       South San Francisco                                                                                                             
Daniel               Finance                        Seattle                                                                                                                         
Pat                  Marketing                      Toronto                                                                                                                         
Kevin                Shipping                       South San Francisco                                                                                                             
Jean                 Shipping                       South San Francisco                                                                                                             
Tayler               Sales                          Oxford                                                                                                                          
Adam                 Shipping                       South San Francisco                                                                                                             

FIRST_NAME           DEPARTMENT_NAME                CITY                                                                                                                            
-------------------- ------------------------------ ------------------------------                                                                                                  
Timothy              Shipping                       South San Francisco                                                                                                             
Ki                   Shipping                       South San Francisco                                                                                                             
Girard               Shipping                       South San Francisco                                                                                                             
William              Accounting                     Seattle                                                                                                                         
Douglas              Shipping                       South San Francisco                                                                                                             
Nancy                Finance                        Seattle                                                                                                                         
Danielle             Sales                          Oxford                                                                                                                          
Peter                Sales                          Oxford                                                                                                                          
Michael              Marketing                      Toronto                                                                                                                         
Shelley              Accounting                     Seattle                                                                                                                         
Guy                  Purchasing                     Seattle                                                                                                                         

FIRST_NAME           DEPARTMENT_NAME                CITY                                                                                                                            
-------------------- ------------------------------ ------------------------------                                                                                                  
Alexander            IT                             Southlake                                                                                                                       
Alyssa               Sales                          Oxford                                                                                                                          
Charles              Sales                          Oxford                                                                                                                          
Vance                Shipping                       South San Francisco                                                                                                             
Payam                Shipping                       South San Francisco                                                                                                             
Alexander            Purchasing                     Seattle                                                                                                                         
Janette              Sales                          Oxford                                                                                                                          
Steven               Executive                      Seattle                                                                                                                         
Neena                Executive                      Seattle                                                                                                                         
Sundita              Sales                          Oxford                                                                                                                          
Renske               Shipping                       South San Francisco                                                                                                             

FIRST_NAME           DEPARTMENT_NAME                CITY                                                                                                                            
-------------------- ------------------------------ ------------------------------                                                                                                  
James                Shipping                       South San Francisco                                                                                                             
David                Sales                          Oxford                                                                                                                          
Jack                 Sales                          Oxford                                                                                                                          
Diana                IT                             Southlake                                                                                                                       
Jason                Shipping                       South San Francisco                                                                                                             
Steven               Shipping                       South San Francisco                                                                                                             
James                Shipping                       South San Francisco                                                                                                             
Mattea               Sales                          Oxford                                                                                                                          
Randall              Shipping                       South San Francisco                                                                                                             
Susan                Human Resources                London                                                                                                                          
Samuel               Shipping                       South San Francisco                                                                                                             

FIRST_NAME           DEPARTMENT_NAME                CITY                                                                                                                            
-------------------- ------------------------------ ------------------------------                                                                                                  
Allan                Sales                          Oxford                                                                                                                          
Irene                Shipping                       South San Francisco                                                                                                             
Kevin                Shipping                       South San Francisco                                                                                                             
Julia                Shipping                       South San Francisco                                                                                                             
Donald               Shipping                       South San Francisco                                                                                                             
Christopher          Sales                          Oxford                                                                                                                          
TJ                   Shipping                       South San Francisco                                                                                                             
Lisa                 Sales                          Oxford                                                                                                                          
Karen                Sales                          Oxford                                                                                                                          
Valli                IT                             Southlake                                                                                                                       
Joshua               Shipping                       South San Francisco                                                                                                             

FIRST_NAME           DEPARTMENT_NAME                CITY                                                                                                                            
-------------------- ------------------------------ ------------------------------                                                                                                  
Randall              Shipping                       South San Francisco                                                                                                             
Hazel                Shipping                       South San Francisco                                                                                                             
Luis                 Finance                        Seattle                                                                                                                         
Trenna               Shipping                       South San Francisco                                                                                                             
Den                  Purchasing                     Seattle                                                                                                                         
Michael              Shipping                       South San Francisco                                                                                                             
John                 Sales                          Oxford                                                                                                                          
Nandita              Shipping                       South San Francisco                                                                                                             
Ismael               Finance                        Seattle                                                                                                                         
John                 Shipping                       South San Francisco                                                                                                             
Sarath               Sales                          Oxford                                                                                                                          

FIRST_NAME           DEPARTMENT_NAME                CITY                                                                                                                            
-------------------- ------------------------------ ------------------------------                                                                                                  
Lindsey              Sales                          Oxford                                                                                                                          
William              Sales                          Oxford                                                                                                                          
Stephen              Shipping                       South San Francisco                                                                                                             
Martha               Shipping                       South San Francisco                                                                                                             
Patrick              Sales                          Oxford                                                                                                                          
Jonathon             Sales                          Oxford                                                                                                                          
Winston              Shipping                       South San Francisco                                                                                                             
Sigal                Purchasing                     Seattle                                                                                                                         
Peter                Sales                          Oxford                                                                                                                          
Oliver               Sales                          Oxford                                                                                                                          
Jose Manuel          Finance                        Seattle                                                                                                                         

FIRST_NAME           DEPARTMENT_NAME                CITY                                                                                                                            
-------------------- ------------------------------ ------------------------------                                                                                                  
Peter                Shipping                       South San Francisco                                                                                                             
Clara                Sales                          Oxford                                                                                                                          
Shanta               Shipping                       South San Francisco                                                                                                             
Alana                Shipping                       South San Francisco                                                                                                             
Matthew              Shipping                       South San Francisco                                                                                                             
Jennifer             Administration                 Seattle                                                                                                                         
Eleni                Sales                          Oxford                                                                                                                          

106 rows selected.

SQL> select first_name,department_name,city from employees join departments
  2  using(department_id)join locations using(location_id)
  3  
SQL> select first_name,department_name,city,country_name from employees join departments
  2  using(department_id)join locations using(location_id)
  3  join countries(country_id);
join countries(country_id)
              *
ERROR at line 3:
ORA-00905: missing keyword 


SQL> select first_name,department_name,city,country_name from employees join departments
  2  using(department_id)join locations using(location_id)
  3  
SQL> 
SQL> select first_name,department_name,city from employees join departments
  2  using(department_id) join locations using(location_id)
  3  join countries using(country_id);

FIRST_NAME           DEPARTMENT_NAME                CITY                                                                                                                            
-------------------- ------------------------------ ------------------------------                                                                                                  
Ellen                Sales                          Oxford                                                                                                                          
Sundar               Sales                          Oxford                                                                                                                          
Mozhe                Shipping                       South San Francisco                                                                                                             
David                IT                             Southlake                                                                                                                       
Hermann              Public Relations               Munich                                                                                                                          
Shelli               Purchasing                     Seattle                                                                                                                         
Amit                 Sales                          Oxford                                                                                                                          
Elizabeth            Sales                          Oxford                                                                                                                          
Sarah                Shipping                       South San Francisco                                                                                                             
David                Sales                          Oxford                                                                                                                          
Laura                Shipping                       South San Francisco                                                                                                             

FIRST_NAME           DEPARTMENT_NAME                CITY                                                                                                                            
-------------------- ------------------------------ ------------------------------                                                                                                  
Harrison             Sales                          Oxford                                                                                                                          
Alexis               Shipping                       South San Francisco                                                                                                             
Anthony              Shipping                       South San Francisco                                                                                                             
Gerald               Sales                          Oxford                                                                                                                          
Nanette              Sales                          Oxford                                                                                                                          
John                 Finance                        Seattle                                                                                                                         
Kelly                Shipping                       South San Francisco                                                                                                             
Karen                Purchasing                     Seattle                                                                                                                         
Curtis               Shipping                       South San Francisco                                                                                                             
Lex                  Executive                      Seattle                                                                                                                         
Julia                Shipping                       South San Francisco                                                                                                             

FIRST_NAME           DEPARTMENT_NAME                CITY                                                                                                                            
-------------------- ------------------------------ ------------------------------                                                                                                  
Jennifer             Shipping                       South San Francisco                                                                                                             
Louise               Sales                          Oxford                                                                                                                          
Bruce                IT                             Southlake                                                                                                                       
Alberto              Sales                          Oxford                                                                                                                          
Britney              Shipping                       South San Francisco                                                                                                             
Daniel               Finance                        Seattle                                                                                                                         
Pat                  Marketing                      Toronto                                                                                                                         
Kevin                Shipping                       South San Francisco                                                                                                             
Jean                 Shipping                       South San Francisco                                                                                                             
Tayler               Sales                          Oxford                                                                                                                          
Adam                 Shipping                       South San Francisco                                                                                                             

FIRST_NAME           DEPARTMENT_NAME                CITY                                                                                                                            
-------------------- ------------------------------ ------------------------------                                                                                                  
Timothy              Shipping                       South San Francisco                                                                                                             
Ki                   Shipping                       South San Francisco                                                                                                             
Girard               Shipping                       South San Francisco                                                                                                             
William              Accounting                     Seattle                                                                                                                         
Douglas              Shipping                       South San Francisco                                                                                                             
Nancy                Finance                        Seattle                                                                                                                         
Danielle             Sales                          Oxford                                                                                                                          
Peter                Sales                          Oxford                                                                                                                          
Michael              Marketing                      Toronto                                                                                                                         
Shelley              Accounting                     Seattle                                                                                                                         
Guy                  Purchasing                     Seattle                                                                                                                         

FIRST_NAME           DEPARTMENT_NAME                CITY                                                                                                                            
-------------------- ------------------------------ ------------------------------                                                                                                  
Alexander            IT                             Southlake                                                                                                                       
Alyssa               Sales                          Oxford                                                                                                                          
Charles              Sales                          Oxford                                                                                                                          
Vance                Shipping                       South San Francisco                                                                                                             
Payam                Shipping                       South San Francisco                                                                                                             
Alexander            Purchasing                     Seattle                                                                                                                         
Janette              Sales                          Oxford                                                                                                                          
Steven               Executive                      Seattle                                                                                                                         
Neena                Executive                      Seattle                                                                                                                         
Sundita              Sales                          Oxford                                                                                                                          
Renske               Shipping                       South San Francisco                                                                                                             

FIRST_NAME           DEPARTMENT_NAME                CITY                                                                                                                            
-------------------- ------------------------------ ------------------------------                                                                                                  
James                Shipping                       South San Francisco                                                                                                             
David                Sales                          Oxford                                                                                                                          
Jack                 Sales                          Oxford                                                                                                                          
Diana                IT                             Southlake                                                                                                                       
Jason                Shipping                       South San Francisco                                                                                                             
Steven               Shipping                       South San Francisco                                                                                                             
James                Shipping                       South San Francisco                                                                                                             
Mattea               Sales                          Oxford                                                                                                                          
Randall              Shipping                       South San Francisco                                                                                                             
Susan                Human Resources                London                                                                                                                          
Samuel               Shipping                       South San Francisco                                                                                                             

FIRST_NAME           DEPARTMENT_NAME                CITY                                                                                                                            
-------------------- ------------------------------ ------------------------------                                                                                                  
Allan                Sales                          Oxford                                                                                                                          
Irene                Shipping                       South San Francisco                                                                                                             
Kevin                Shipping                       South San Francisco                                                                                                             
Julia                Shipping                       South San Francisco                                                                                                             
Donald               Shipping                       South San Francisco                                                                                                             
Christopher          Sales                          Oxford                                                                                                                          
TJ                   Shipping                       South San Francisco                                                                                                             
Lisa                 Sales                          Oxford                                                                                                                          
Karen                Sales                          Oxford                                                                                                                          
Valli                IT                             Southlake                                                                                                                       
Joshua               Shipping                       South San Francisco                                                                                                             

FIRST_NAME           DEPARTMENT_NAME                CITY                                                                                                                            
-------------------- ------------------------------ ------------------------------                                                                                                  
Randall              Shipping                       South San Francisco                                                                                                             
Hazel                Shipping                       South San Francisco                                                                                                             
Luis                 Finance                        Seattle                                                                                                                         
Trenna               Shipping                       South San Francisco                                                                                                             
Den                  Purchasing                     Seattle                                                                                                                         
Michael              Shipping                       South San Francisco                                                                                                             
John                 Sales                          Oxford                                                                                                                          
Nandita              Shipping                       South San Francisco                                                                                                             
Ismael               Finance                        Seattle                                                                                                                         
John                 Shipping                       South San Francisco                                                                                                             
Sarath               Sales                          Oxford                                                                                                                          

FIRST_NAME           DEPARTMENT_NAME                CITY                                                                                                                            
-------------------- ------------------------------ ------------------------------                                                                                                  
Lindsey              Sales                          Oxford                                                                                                                          
William              Sales                          Oxford                                                                                                                          
Stephen              Shipping                       South San Francisco                                                                                                             
Martha               Shipping                       South San Francisco                                                                                                             
Patrick              Sales                          Oxford                                                                                                                          
Jonathon             Sales                          Oxford                                                                                                                          
Winston              Shipping                       South San Francisco                                                                                                             
Sigal                Purchasing                     Seattle                                                                                                                         
Peter                Sales                          Oxford                                                                                                                          
Oliver               Sales                          Oxford                                                                                                                          
Jose Manuel          Finance                        Seattle                                                                                                                         

FIRST_NAME           DEPARTMENT_NAME                CITY                                                                                                                            
-------------------- ------------------------------ ------------------------------                                                                                                  
Peter                Shipping                       South San Francisco                                                                                                             
Clara                Sales                          Oxford                                                                                                                          
Shanta               Shipping                       South San Francisco                                                                                                             
Alana                Shipping                       South San Francisco                                                                                                             
Matthew              Shipping                       South San Francisco                                                                                                             
Jennifer             Administration                 Seattle                                                                                                                         
Eleni                Sales                          Oxford                                                                                                                          

106 rows selected.

SQL> select first_name,department_name,city,country_name,region_name from employees join
  2  departments using(department_id) join locations using(location_id) join countries(country_id)
  3  join regions using(region_id);
departments using(department_id) join locations using(location_id) join countries(country_id)
                                                                                 *
ERROR at line 2:
ORA-00905: missing keyword 


SQL> select first_name,department_name,city,country_name,region_name from employees join
  2  departments using(department_id) join locations using(location_id)
  3  join countries using (country_id) join regions using(regoin_id);
join countries using (country_id) join regions using(regoin_id)
                                                     *
ERROR at line 3:
ORA-00904: "REGIONS"."REGOIN_ID": invalid identifier 


SQL> select first_name,department_name,city,country_name,region_name from employees join
  2  departments using(department_id) join locations using(location_id)
  3  join countries using (country_id) join regions using(region_id);

FIRST_NAME           DEPARTMENT_NAME                CITY                           COUNTRY_NAME                             REGION_NAME                                             
-------------------- ------------------------------ ------------------------------ ---------------------------------------- -------------------------                               
Ellen                Sales                          Oxford                         United Kingdom                           Europe                                                  
Sundar               Sales                          Oxford                         United Kingdom                           Europe                                                  
Mozhe                Shipping                       South San Francisco            United States of America                 Americas                                                
David                IT                             Southlake                      United States of America                 Americas                                                
Hermann              Public Relations               Munich                         Germany                                  Europe                                                  
Shelli               Purchasing                     Seattle                        United States of America                 Americas                                                
Amit                 Sales                          Oxford                         United Kingdom                           Europe                                                  
Elizabeth            Sales                          Oxford                         United Kingdom                           Europe                                                  
Sarah                Shipping                       South San Francisco            United States of America                 Americas                                                
David                Sales                          Oxford                         United Kingdom                           Europe                                                  
Laura                Shipping                       South San Francisco            United States of America                 Americas                                                

FIRST_NAME           DEPARTMENT_NAME                CITY                           COUNTRY_NAME                             REGION_NAME                                             
-------------------- ------------------------------ ------------------------------ ---------------------------------------- -------------------------                               
Harrison             Sales                          Oxford                         United Kingdom                           Europe                                                  
Alexis               Shipping                       South San Francisco            United States of America                 Americas                                                
Anthony              Shipping                       South San Francisco            United States of America                 Americas                                                
Gerald               Sales                          Oxford                         United Kingdom                           Europe                                                  
Nanette              Sales                          Oxford                         United Kingdom                           Europe                                                  
John                 Finance                        Seattle                        United States of America                 Americas                                                
Kelly                Shipping                       South San Francisco            United States of America                 Americas                                                
Karen                Purchasing                     Seattle                        United States of America                 Americas                                                
Curtis               Shipping                       South San Francisco            United States of America                 Americas                                                
Lex                  Executive                      Seattle                        United States of America                 Americas                                                
Julia                Shipping                       South San Francisco            United States of America                 Americas                                                

FIRST_NAME           DEPARTMENT_NAME                CITY                           COUNTRY_NAME                             REGION_NAME                                             
-------------------- ------------------------------ ------------------------------ ---------------------------------------- -------------------------                               
Jennifer             Shipping                       South San Francisco            United States of America                 Americas                                                
Louise               Sales                          Oxford                         United Kingdom                           Europe                                                  
Bruce                IT                             Southlake                      United States of America                 Americas                                                
Alberto              Sales                          Oxford                         United Kingdom                           Europe                                                  
Britney              Shipping                       South San Francisco            United States of America                 Americas                                                
Daniel               Finance                        Seattle                        United States of America                 Americas                                                
Pat                  Marketing                      Toronto                        Canada                                   Americas                                                
Kevin                Shipping                       South San Francisco            United States of America                 Americas                                                
Jean                 Shipping                       South San Francisco            United States of America                 Americas                                                
Tayler               Sales                          Oxford                         United Kingdom                           Europe                                                  
Adam                 Shipping                       South San Francisco            United States of America                 Americas                                                

FIRST_NAME           DEPARTMENT_NAME                CITY                           COUNTRY_NAME                             REGION_NAME                                             
-------------------- ------------------------------ ------------------------------ ---------------------------------------- -------------------------                               
Timothy              Shipping                       South San Francisco            United States of America                 Americas                                                
Ki                   Shipping                       South San Francisco            United States of America                 Americas                                                
Girard               Shipping                       South San Francisco            United States of America                 Americas                                                
William              Accounting                     Seattle                        United States of America                 Americas                                                
Douglas              Shipping                       South San Francisco            United States of America                 Americas                                                
Nancy                Finance                        Seattle                        United States of America                 Americas                                                
Danielle             Sales                          Oxford                         United Kingdom                           Europe                                                  
Peter                Sales                          Oxford                         United Kingdom                           Europe                                                  
Michael              Marketing                      Toronto                        Canada                                   Americas                                                
Shelley              Accounting                     Seattle                        United States of America                 Americas                                                
Guy                  Purchasing                     Seattle                        United States of America                 Americas                                                

FIRST_NAME           DEPARTMENT_NAME                CITY                           COUNTRY_NAME                             REGION_NAME                                             
-------------------- ------------------------------ ------------------------------ ---------------------------------------- -------------------------                               
Alexander            IT                             Southlake                      United States of America                 Americas                                                
Alyssa               Sales                          Oxford                         United Kingdom                           Europe                                                  
Charles              Sales                          Oxford                         United Kingdom                           Europe                                                  
Vance                Shipping                       South San Francisco            United States of America                 Americas                                                
Payam                Shipping                       South San Francisco            United States of America                 Americas                                                
Alexander            Purchasing                     Seattle                        United States of America                 Americas                                                
Janette              Sales                          Oxford                         United Kingdom                           Europe                                                  
Steven               Executive                      Seattle                        United States of America                 Americas                                                
Neena                Executive                      Seattle                        United States of America                 Americas                                                
Sundita              Sales                          Oxford                         United Kingdom                           Europe                                                  
Renske               Shipping                       South San Francisco            United States of America                 Americas                                                

FIRST_NAME           DEPARTMENT_NAME                CITY                           COUNTRY_NAME                             REGION_NAME                                             
-------------------- ------------------------------ ------------------------------ ---------------------------------------- -------------------------                               
James                Shipping                       South San Francisco            United States of America                 Americas                                                
David                Sales                          Oxford                         United Kingdom                           Europe                                                  
Jack                 Sales                          Oxford                         United Kingdom                           Europe                                                  
Diana                IT                             Southlake                      United States of America                 Americas                                                
Jason                Shipping                       South San Francisco            United States of America                 Americas                                                
Steven               Shipping                       South San Francisco            United States of America                 Americas                                                
James                Shipping                       South San Francisco            United States of America                 Americas                                                
Mattea               Sales                          Oxford                         United Kingdom                           Europe                                                  
Randall              Shipping                       South San Francisco            United States of America                 Americas                                                
Susan                Human Resources                London                         United Kingdom                           Europe                                                  
Samuel               Shipping                       South San Francisco            United States of America                 Americas                                                

FIRST_NAME           DEPARTMENT_NAME                CITY                           COUNTRY_NAME                             REGION_NAME                                             
-------------------- ------------------------------ ------------------------------ ---------------------------------------- -------------------------                               
Allan                Sales                          Oxford                         United Kingdom                           Europe                                                  
Irene                Shipping                       South San Francisco            United States of America                 Americas                                                
Kevin                Shipping                       South San Francisco            United States of America                 Americas                                                
Julia                Shipping                       South San Francisco            United States of America                 Americas                                                
Donald               Shipping                       South San Francisco            United States of America                 Americas                                                
Christopher          Sales                          Oxford                         United Kingdom                           Europe                                                  
TJ                   Shipping                       South San Francisco            United States of America                 Americas                                                
Lisa                 Sales                          Oxford                         United Kingdom                           Europe                                                  
Karen                Sales                          Oxford                         United Kingdom                           Europe                                                  
Valli                IT                             Southlake                      United States of America                 Americas                                                
Joshua               Shipping                       South San Francisco            United States of America                 Americas                                                

FIRST_NAME           DEPARTMENT_NAME                CITY                           COUNTRY_NAME                             REGION_NAME                                             
-------------------- ------------------------------ ------------------------------ ---------------------------------------- -------------------------                               
Randall              Shipping                       South San Francisco            United States of America                 Americas                                                
Hazel                Shipping                       South San Francisco            United States of America                 Americas                                                
Luis                 Finance                        Seattle                        United States of America                 Americas                                                
Trenna               Shipping                       South San Francisco            United States of America                 Americas                                                
Den                  Purchasing                     Seattle                        United States of America                 Americas                                                
Michael              Shipping                       South San Francisco            United States of America                 Americas                                                
John                 Sales                          Oxford                         United Kingdom                           Europe                                                  
Nandita              Shipping                       South San Francisco            United States of America                 Americas                                                
Ismael               Finance                        Seattle                        United States of America                 Americas                                                
John                 Shipping                       South San Francisco            United States of America                 Americas                                                
Sarath               Sales                          Oxford                         United Kingdom                           Europe                                                  

FIRST_NAME           DEPARTMENT_NAME                CITY                           COUNTRY_NAME                             REGION_NAME                                             
-------------------- ------------------------------ ------------------------------ ---------------------------------------- -------------------------                               
Lindsey              Sales                          Oxford                         United Kingdom                           Europe                                                  
William              Sales                          Oxford                         United Kingdom                           Europe                                                  
Stephen              Shipping                       South San Francisco            United States of America                 Americas                                                
Martha               Shipping                       South San Francisco            United States of America                 Americas                                                
Patrick              Sales                          Oxford                         United Kingdom                           Europe                                                  
Jonathon             Sales                          Oxford                         United Kingdom                           Europe                                                  
Winston              Shipping                       South San Francisco            United States of America                 Americas                                                
Sigal                Purchasing                     Seattle                        United States of America                 Americas                                                
Peter                Sales                          Oxford                         United Kingdom                           Europe                                                  
Oliver               Sales                          Oxford                         United Kingdom                           Europe                                                  
Jose Manuel          Finance                        Seattle                        United States of America                 Americas                                                

FIRST_NAME           DEPARTMENT_NAME                CITY                           COUNTRY_NAME                             REGION_NAME                                             
-------------------- ------------------------------ ------------------------------ ---------------------------------------- -------------------------                               
Peter                Shipping                       South San Francisco            United States of America                 Americas                                                
Clara                Sales                          Oxford                         United Kingdom                           Europe                                                  
Shanta               Shipping                       South San Francisco            United States of America                 Americas                                                
Alana                Shipping                       South San Francisco            United States of America                 Americas                                                
Matthew              Shipping                       South San Francisco            United States of America                 Americas                                                
Jennifer             Administration                 Seattle                        United States of America                 Americas                                                
Eleni                Sales                          Oxford                         United Kingdom                           Europe                                                  

106 rows selected.

SQL> select first_name,last_name,department_id,department_name,city,location_id,region_id,region_name,country_name,country_id from employees join departments using(department_id)
  2  join locations using(location_id)
  3  join countries using(country_id)
  4  join regions using(region_id);

FIRST_NAME           LAST_NAME                 DEPARTMENT_ID DEPARTMENT_NAME                CITY                           LOCATION_ID  REGION_ID REGION_NAME                       
-------------------- ------------------------- ------------- ------------------------------ ------------------------------ ----------- ---------- -------------------------         
COUNTRY_NAME                             CO                                                                                                                                         
---------------------------------------- --                                                                                                                                         
Ellen                Abel                                 80 Sales                          Oxford                                2500          1 Europe                            
United Kingdom                           UK                                                                                                                                         
                                                                                                                                                                                    
Sundar               Ande                                 80 Sales                          Oxford                                2500          1 Europe                            
United Kingdom                           UK                                                                                                                                         
                                                                                                                                                                                    
Mozhe                Atkinson                             50 Shipping                       South San Francisco                   1500          2 Americas                          
United States of America                 US                                                                                                                                         
                                                                                                                                                                                    

FIRST_NAME           LAST_NAME                 DEPARTMENT_ID DEPARTMENT_NAME                CITY                           LOCATION_ID  REGION_ID REGION_NAME                       
-------------------- ------------------------- ------------- ------------------------------ ------------------------------ ----------- ---------- -------------------------         
COUNTRY_NAME                             CO                                                                                                                                         
---------------------------------------- --                                                                                                                                         
David                Austin                               60 IT                             Southlake                             1400          2 Americas                          
United States of America                 US                                                                                                                                         
                                                                                                                                                                                    
Hermann              Baer                                 70 Public Relations               Munich                                2700          1 Europe                            
Germany                                  DE                                                                                                                                         
                                                                                                                                                                                    
Shelli               Baida                                30 Purchasing                     Seattle                               1700          2 Americas                          
United States of America                 US                                                                                                                                         
                                                                                                                                                                                    

FIRST_NAME           LAST_NAME                 DEPARTMENT_ID DEPARTMENT_NAME                CITY                           LOCATION_ID  REGION_ID REGION_NAME                       
-------------------- ------------------------- ------------- ------------------------------ ------------------------------ ----------- ---------- -------------------------         
COUNTRY_NAME                             CO                                                                                                                                         
---------------------------------------- --                                                                                                                                         
Amit                 Banda                                80 Sales                          Oxford                                2500          1 Europe                            
United Kingdom                           UK                                                                                                                                         
                                                                                                                                                                                    
Elizabeth            Bates                                80 Sales                          Oxford                                2500          1 Europe                            
United Kingdom                           UK                                                                                                                                         
                                                                                                                                                                                    
Sarah                Bell                                 50 Shipping                       South San Francisco                   1500          2 Americas                          
United States of America                 US                                                                                                                                         
                                                                                                                                                                                    

FIRST_NAME           LAST_NAME                 DEPARTMENT_ID DEPARTMENT_NAME                CITY                           LOCATION_ID  REGION_ID REGION_NAME                       
-------------------- ------------------------- ------------- ------------------------------ ------------------------------ ----------- ---------- -------------------------         
COUNTRY_NAME                             CO                                                                                                                                         
---------------------------------------- --                                                                                                                                         
David                Bernstein                            80 Sales                          Oxford                                2500          1 Europe                            
United Kingdom                           UK                                                                                                                                         
                                                                                                                                                                                    
Laura                Bissot                               50 Shipping                       South San Francisco                   1500          2 Americas                          
United States of America                 US                                                                                                                                         
                                                                                                                                                                                    
Harrison             Bloom                                80 Sales                          Oxford                                2500          1 Europe                            
United Kingdom                           UK                                                                                                                                         
                                                                                                                                                                                    

FIRST_NAME           LAST_NAME                 DEPARTMENT_ID DEPARTMENT_NAME                CITY                           LOCATION_ID  REGION_ID REGION_NAME                       
-------------------- ------------------------- ------------- ------------------------------ ------------------------------ ----------- ---------- -------------------------         
COUNTRY_NAME                             CO                                                                                                                                         
---------------------------------------- --                                                                                                                                         
Alexis               Bull                                 50 Shipping                       South San Francisco                   1500          2 Americas                          
United States of America                 US                                                                                                                                         
                                                                                                                                                                                    
Anthony              Cabrio                               50 Shipping                       South San Francisco                   1500          2 Americas                          
United States of America                 US                                                                                                                                         
                                                                                                                                                                                    
Gerald               Cambrault                            80 Sales                          Oxford                                2500          1 Europe                            
United Kingdom                           UK                                                                                                                                         
                                                                                                                                                                                    

FIRST_NAME           LAST_NAME                 DEPARTMENT_ID DEPARTMENT_NAME                CITY                           LOCATION_ID  REGION_ID REGION_NAME                       
-------------------- ------------------------- ------------- ------------------------------ ------------------------------ ----------- ---------- -------------------------         
COUNTRY_NAME                             CO                                                                                                                                         
---------------------------------------- --                                                                                                                                         
Nanette              Cambrault                            80 Sales                          Oxford                                2500          1 Europe                            
United Kingdom                           UK                                                                                                                                         
                                                                                                                                                                                    
John                 Chen                                100 Finance                        Seattle                               1700          2 Americas                          
United States of America                 US                                                                                                                                         
                                                                                                                                                                                    
Kelly                Chung                                50 Shipping                       South San Francisco                   1500          2 Americas                          
United States of America                 US                                                                                                                                         
                                                                                                                                                                                    

FIRST_NAME           LAST_NAME                 DEPARTMENT_ID DEPARTMENT_NAME                CITY                           LOCATION_ID  REGION_ID REGION_NAME                       
-------------------- ------------------------- ------------- ------------------------------ ------------------------------ ----------- ---------- -------------------------         
COUNTRY_NAME                             CO                                                                                                                                         
---------------------------------------- --                                                                                                                                         
Karen                Colmenares                           30 Purchasing                     Seattle                               1700          2 Americas                          
United States of America                 US                                                                                                                                         
                                                                                                                                                                                    
Curtis               Davies                               50 Shipping                       South San Francisco                   1500          2 Americas                          
United States of America                 US                                                                                                                                         
                                                                                                                                                                                    
Lex                  De Haan                              90 Executive                      Seattle                               1700          2 Americas                          
United States of America                 US                                                                                                                                         
                                                                                                                                                                                    

FIRST_NAME           LAST_NAME                 DEPARTMENT_ID DEPARTMENT_NAME                CITY                           LOCATION_ID  REGION_ID REGION_NAME                       
-------------------- ------------------------- ------------- ------------------------------ ------------------------------ ----------- ---------- -------------------------         
COUNTRY_NAME                             CO                                                                                                                                         
---------------------------------------- --                                                                                                                                         
Julia                Dellinger                            50 Shipping                       South San Francisco                   1500          2 Americas                          
United States of America                 US                                                                                                                                         
                                                                                                                                                                                    
Jennifer             Dilly                                50 Shipping                       South San Francisco                   1500          2 Americas                          
United States of America                 US                                                                                                                                         
                                                                                                                                                                                    
Louise               Doran                                80 Sales                          Oxford                                2500          1 Europe                            
United Kingdom                           UK                                                                                                                                         
                                                                                                                                                                                    

FIRST_NAME           LAST_NAME                 DEPARTMENT_ID DEPARTMENT_NAME                CITY                           LOCATION_ID  REGION_ID REGION_NAME                       
-------------------- ------------------------- ------------- ------------------------------ ------------------------------ ----------- ---------- -------------------------         
COUNTRY_NAME                             CO                                                                                                                                         
---------------------------------------- --                                                                                                                                         
Bruce                Ernst                                60 IT                             Southlake                             1400          2 Americas                          
United States of America                 US                                                                                                                                         
                                                                                                                                                                                    
Alberto              Errazuriz                            80 Sales                          Oxford                                2500          1 Europe                            
United Kingdom                           UK                                                                                                                                         
                                                                                                                                                                                    
Britney              Everett                              50 Shipping                       South San Francisco                   1500          2 Americas                          
United States of America                 US                                                                                                                                         
                                                                                                                                                                                    

FIRST_NAME           LAST_NAME                 DEPARTMENT_ID DEPARTMENT_NAME                CITY                           LOCATION_ID  REGION_ID REGION_NAME                       
-------------------- ------------------------- ------------- ------------------------------ ------------------------------ ----------- ---------- -------------------------         
COUNTRY_NAME                             CO                                                                                                                                         
---------------------------------------- --                                                                                                                                         
Daniel               Faviet                              100 Finance                        Seattle                               1700          2 Americas                          
United States of America                 US                                                                                                                                         
                                                                                                                                                                                    
Pat                  Fay                                  20 Marketing                      Toronto                               1800          2 Americas                          
Canada                                   CA                                                                                                                                         
                                                                                                                                                                                    
Kevin                Feeney                               50 Shipping                       South San Francisco                   1500          2 Americas                          
United States of America                 US                                                                                                                                         
                                                                                                                                                                                    

FIRST_NAME           LAST_NAME                 DEPARTMENT_ID DEPARTMENT_NAME                CITY                           LOCATION_ID  REGION_ID REGION_NAME                       
-------------------- ------------------------- ------------- ------------------------------ ------------------------------ ----------- ---------- -------------------------         
COUNTRY_NAME                             CO                                                                                                                                         
---------------------------------------- --                                                                                                                                         
Jean                 Fleaur                               50 Shipping                       South San Francisco                   1500          2 Americas                          
United States of America                 US                                                                                                                                         
                                                                                                                                                                                    
Tayler               Fox                                  80 Sales                          Oxford                                2500          1 Europe                            
United Kingdom                           UK                                                                                                                                         
                                                                                                                                                                                    
Adam                 Fripp                                50 Shipping                       South San Francisco                   1500          2 Americas                          
United States of America                 US                                                                                                                                         
                                                                                                                                                                                    

FIRST_NAME           LAST_NAME                 DEPARTMENT_ID DEPARTMENT_NAME                CITY                           LOCATION_ID  REGION_ID REGION_NAME                       
-------------------- ------------------------- ------------- ------------------------------ ------------------------------ ----------- ---------- -------------------------         
COUNTRY_NAME                             CO                                                                                                                                         
---------------------------------------- --                                                                                                                                         
Timothy              Gates                                50 Shipping                       South San Francisco                   1500          2 Americas                          
United States of America                 US                                                                                                                                         
                                                                                                                                                                                    
Ki                   Gee                                  50 Shipping                       South San Francisco                   1500          2 Americas                          
United States of America                 US                                                                                                                                         
                                                                                                                                                                                    
Girard               Geoni                                50 Shipping                       South San Francisco                   1500          2 Americas                          
United States of America                 US                                                                                                                                         
                                                                                                                                                                                    

FIRST_NAME           LAST_NAME                 DEPARTMENT_ID DEPARTMENT_NAME                CITY                           LOCATION_ID  REGION_ID REGION_NAME                       
-------------------- ------------------------- ------------- ------------------------------ ------------------------------ ----------- ---------- -------------------------         
COUNTRY_NAME                             CO                                                                                                                                         
---------------------------------------- --                                                                                                                                         
William              Gietz                               110 Accounting                     Seattle                               1700          2 Americas                          
United States of America                 US                                                                                                                                         
                                                                                                                                                                                    
Douglas              Grant                                50 Shipping                       South San Francisco                   1500          2 Americas                          
United States of America                 US                                                                                                                                         
                                                                                                                                                                                    
Nancy                Greenberg                           100 Finance                        Seattle                               1700          2 Americas                          
United States of America                 US                                                                                                                                         
                                                                                                                                                                                    

FIRST_NAME           LAST_NAME                 DEPARTMENT_ID DEPARTMENT_NAME                CITY                           LOCATION_ID  REGION_ID REGION_NAME                       
-------------------- ------------------------- ------------- ------------------------------ ------------------------------ ----------- ---------- -------------------------         
COUNTRY_NAME                             CO                                                                                                                                         
---------------------------------------- --                                                                                                                                         
Danielle             Greene                               80 Sales                          Oxford                                2500          1 Europe                            
United Kingdom                           UK                                                                                                                                         
                                                                                                                                                                                    
Peter                Hall                                 80 Sales                          Oxford                                2500          1 Europe                            
United Kingdom                           UK                                                                                                                                         
                                                                                                                                                                                    
Michael              Hartstein                            20 Marketing                      Toronto                               1800          2 Americas                          
Canada                                   CA                                                                                                                                         
                                                                                                                                                                                    

FIRST_NAME           LAST_NAME                 DEPARTMENT_ID DEPARTMENT_NAME                CITY                           LOCATION_ID  REGION_ID REGION_NAME                       
-------------------- ------------------------- ------------- ------------------------------ ------------------------------ ----------- ---------- -------------------------         
COUNTRY_NAME                             CO                                                                                                                                         
---------------------------------------- --                                                                                                                                         
Shelley              Higgins                             110 Accounting                     Seattle                               1700          2 Americas                          
United States of America                 US                                                                                                                                         
                                                                                                                                                                                    
Guy                  Himuro                               30 Purchasing                     Seattle                               1700          2 Americas                          
United States of America                 US                                                                                                                                         
                                                                                                                                                                                    
Alexander            Hunold                               60 IT                             Southlake                             1400          2 Americas                          
United States of America                 US                                                                                                                                         
                                                                                                                                                                                    

FIRST_NAME           LAST_NAME                 DEPARTMENT_ID DEPARTMENT_NAME                CITY                           LOCATION_ID  REGION_ID REGION_NAME                       
-------------------- ------------------------- ------------- ------------------------------ ------------------------------ ----------- ---------- -------------------------         
COUNTRY_NAME                             CO                                                                                                                                         
---------------------------------------- --                                                                                                                                         
Alyssa               Hutton                               80 Sales                          Oxford                                2500          1 Europe                            
United Kingdom                           UK                                                                                                                                         
                                                                                                                                                                                    
Charles              Johnson                              80 Sales                          Oxford                                2500          1 Europe                            
United Kingdom                           UK                                                                                                                                         
                                                                                                                                                                                    
Vance                Jones                                50 Shipping                       South San Francisco                   1500          2 Americas                          
United States of America                 US                                                                                                                                         
                                                                                                                                                                                    

FIRST_NAME           LAST_NAME                 DEPARTMENT_ID DEPARTMENT_NAME                CITY                           LOCATION_ID  REGION_ID REGION_NAME                       
-------------------- ------------------------- ------------- ------------------------------ ------------------------------ ----------- ---------- -------------------------         
COUNTRY_NAME                             CO                                                                                                                                         
---------------------------------------- --                                                                                                                                         
Payam                Kaufling                             50 Shipping                       South San Francisco                   1500          2 Americas                          
United States of America                 US                                                                                                                                         
                                                                                                                                                                                    
Alexander            Khoo                                 30 Purchasing                     Seattle                               1700          2 Americas                          
United States of America                 US                                                                                                                                         
                                                                                                                                                                                    
Janette              King                                 80 Sales                          Oxford                                2500          1 Europe                            
United Kingdom                           UK                                                                                                                                         
                                                                                                                                                                                    

FIRST_NAME           LAST_NAME                 DEPARTMENT_ID DEPARTMENT_NAME                CITY                           LOCATION_ID  REGION_ID REGION_NAME                       
-------------------- ------------------------- ------------- ------------------------------ ------------------------------ ----------- ---------- -------------------------         
COUNTRY_NAME                             CO                                                                                                                                         
---------------------------------------- --                                                                                                                                         
Steven               King                                 90 Executive                      Seattle                               1700          2 Americas                          
United States of America                 US                                                                                                                                         
                                                                                                                                                                                    
Neena                Kochhar                              90 Executive                      Seattle                               1700          2 Americas                          
United States of America                 US                                                                                                                                         
                                                                                                                                                                                    
Sundita              Kumar                                80 Sales                          Oxford                                2500          1 Europe                            
United Kingdom                           UK                                                                                                                                         
                                                                                                                                                                                    

FIRST_NAME           LAST_NAME                 DEPARTMENT_ID DEPARTMENT_NAME                CITY                           LOCATION_ID  REGION_ID REGION_NAME                       
-------------------- ------------------------- ------------- ------------------------------ ------------------------------ ----------- ---------- -------------------------         
COUNTRY_NAME                             CO                                                                                                                                         
---------------------------------------- --                                                                                                                                         
Renske               Ladwig                               50 Shipping                       South San Francisco                   1500          2 Americas                          
United States of America                 US                                                                                                                                         
                                                                                                                                                                                    
James                Landry                               50 Shipping                       South San Francisco                   1500          2 Americas                          
United States of America                 US                                                                                                                                         
                                                                                                                                                                                    
David                Lee                                  80 Sales                          Oxford                                2500          1 Europe                            
United Kingdom                           UK                                                                                                                                         
                                                                                                                                                                                    

FIRST_NAME           LAST_NAME                 DEPARTMENT_ID DEPARTMENT_NAME                CITY                           LOCATION_ID  REGION_ID REGION_NAME                       
-------------------- ------------------------- ------------- ------------------------------ ------------------------------ ----------- ---------- -------------------------         
COUNTRY_NAME                             CO                                                                                                                                         
---------------------------------------- --                                                                                                                                         
Jack                 Livingston                           80 Sales                          Oxford                                2500          1 Europe                            
United Kingdom                           UK                                                                                                                                         
                                                                                                                                                                                    
Diana                Lorentz                              60 IT                             Southlake                             1400          2 Americas                          
United States of America                 US                                                                                                                                         
                                                                                                                                                                                    
Jason                Mallin                               50 Shipping                       South San Francisco                   1500          2 Americas                          
United States of America                 US                                                                                                                                         
                                                                                                                                                                                    

FIRST_NAME           LAST_NAME                 DEPARTMENT_ID DEPARTMENT_NAME                CITY                           LOCATION_ID  REGION_ID REGION_NAME                       
-------------------- ------------------------- ------------- ------------------------------ ------------------------------ ----------- ---------- -------------------------         
COUNTRY_NAME                             CO                                                                                                                                         
---------------------------------------- --                                                                                                                                         
Steven               Markle                               50 Shipping                       South San Francisco                   1500          2 Americas                          
United States of America                 US                                                                                                                                         
                                                                                                                                                                                    
James                Marlow                               50 Shipping                       South San Francisco                   1500          2 Americas                          
United States of America                 US                                                                                                                                         
                                                                                                                                                                                    
Mattea               Marvins                              80 Sales                          Oxford                                2500          1 Europe                            
United Kingdom                           UK                                                                                                                                         
                                                                                                                                                                                    

FIRST_NAME           LAST_NAME                 DEPARTMENT_ID DEPARTMENT_NAME                CITY                           LOCATION_ID  REGION_ID REGION_NAME                       
-------------------- ------------------------- ------------- ------------------------------ ------------------------------ ----------- ---------- -------------------------         
COUNTRY_NAME                             CO                                                                                                                                         
---------------------------------------- --                                                                                                                                         
Randall              Matos                                50 Shipping                       South San Francisco                   1500          2 Americas                          
United States of America                 US                                                                                                                                         
                                                                                                                                                                                    
Susan                Mavris                               40 Human Resources                London                                2400          1 Europe                            
United Kingdom                           UK                                                                                                                                         
                                                                                                                                                                                    
Samuel               McCain                               50 Shipping                       South San Francisco                   1500          2 Americas                          
United States of America                 US                                                                                                                                         
                                                                                                                                                                                    

FIRST_NAME           LAST_NAME                 DEPARTMENT_ID DEPARTMENT_NAME                CITY                           LOCATION_ID  REGION_ID REGION_NAME                       
-------------------- ------------------------- ------------- ------------------------------ ------------------------------ ----------- ---------- -------------------------         
COUNTRY_NAME                             CO                                                                                                                                         
---------------------------------------- --                                                                                                                                         
Allan                McEwen                               80 Sales                          Oxford                                2500          1 Europe                            
United Kingdom                           UK                                                                                                                                         
                                                                                                                                                                                    
Irene                Mikkilineni                          50 Shipping                       South San Francisco                   1500          2 Americas                          
United States of America                 US                                                                                                                                         
                                                                                                                                                                                    
Kevin                Mourgos                              50 Shipping                       South San Francisco                   1500          2 Americas                          
United States of America                 US                                                                                                                                         
                                                                                                                                                                                    

FIRST_NAME           LAST_NAME                 DEPARTMENT_ID DEPARTMENT_NAME                CITY                           LOCATION_ID  REGION_ID REGION_NAME                       
-------------------- ------------------------- ------------- ------------------------------ ------------------------------ ----------- ---------- -------------------------         
COUNTRY_NAME                             CO                                                                                                                                         
---------------------------------------- --                                                                                                                                         
Julia                Nayer                                50 Shipping                       South San Francisco                   1500          2 Americas                          
United States of America                 US                                                                                                                                         
                                                                                                                                                                                    
Donald               OConnell                             50 Shipping                       South San Francisco                   1500          2 Americas                          
United States of America                 US                                                                                                                                         
                                                                                                                                                                                    
Christopher          Olsen                                80 Sales                          Oxford                                2500          1 Europe                            
United Kingdom                           UK                                                                                                                                         
                                                                                                                                                                                    

FIRST_NAME           LAST_NAME                 DEPARTMENT_ID DEPARTMENT_NAME                CITY                           LOCATION_ID  REGION_ID REGION_NAME                       
-------------------- ------------------------- ------------- ------------------------------ ------------------------------ ----------- ---------- -------------------------         
COUNTRY_NAME                             CO                                                                                                                                         
---------------------------------------- --                                                                                                                                         
TJ                   Olson                                50 Shipping                       South San Francisco                   1500          2 Americas                          
United States of America                 US                                                                                                                                         
                                                                                                                                                                                    
Lisa                 Ozer                                 80 Sales                          Oxford                                2500          1 Europe                            
United Kingdom                           UK                                                                                                                                         
                                                                                                                                                                                    
Karen                Partners                             80 Sales                          Oxford                                2500          1 Europe                            
United Kingdom                           UK                                                                                                                                         
                                                                                                                                                                                    

FIRST_NAME           LAST_NAME                 DEPARTMENT_ID DEPARTMENT_NAME                CITY                           LOCATION_ID  REGION_ID REGION_NAME                       
-------------------- ------------------------- ------------- ------------------------------ ------------------------------ ----------- ---------- -------------------------         
COUNTRY_NAME                             CO                                                                                                                                         
---------------------------------------- --                                                                                                                                         
Valli                Pataballa                            60 IT                             Southlake                             1400          2 Americas                          
United States of America                 US                                                                                                                                         
                                                                                                                                                                                    
Joshua               Patel                                50 Shipping                       South San Francisco                   1500          2 Americas                          
United States of America                 US                                                                                                                                         
                                                                                                                                                                                    
Randall              Perkins                              50 Shipping                       South San Francisco                   1500          2 Americas                          
United States of America                 US                                                                                                                                         
                                                                                                                                                                                    

FIRST_NAME           LAST_NAME                 DEPARTMENT_ID DEPARTMENT_NAME                CITY                           LOCATION_ID  REGION_ID REGION_NAME                       
-------------------- ------------------------- ------------- ------------------------------ ------------------------------ ----------- ---------- -------------------------         
COUNTRY_NAME                             CO                                                                                                                                         
---------------------------------------- --                                                                                                                                         
Hazel                Philtanker                           50 Shipping                       South San Francisco                   1500          2 Americas                          
United States of America                 US                                                                                                                                         
                                                                                                                                                                                    
Luis                 Popp                                100 Finance                        Seattle                               1700          2 Americas                          
United States of America                 US                                                                                                                                         
                                                                                                                                                                                    
Trenna               Rajs                                 50 Shipping                       South San Francisco                   1500          2 Americas                          
United States of America                 US                                                                                                                                         
                                                                                                                                                                                    

FIRST_NAME           LAST_NAME                 DEPARTMENT_ID DEPARTMENT_NAME                CITY                           LOCATION_ID  REGION_ID REGION_NAME                       
-------------------- ------------------------- ------------- ------------------------------ ------------------------------ ----------- ---------- -------------------------         
COUNTRY_NAME                             CO                                                                                                                                         
---------------------------------------- --                                                                                                                                         
Den                  Raphaely                             30 Purchasing                     Seattle                               1700          2 Americas                          
United States of America                 US                                                                                                                                         
                                                                                                                                                                                    
Michael              Rogers                               50 Shipping                       South San Francisco                   1500          2 Americas                          
United States of America                 US                                                                                                                                         
                                                                                                                                                                                    
John                 Russell                              80 Sales                          Oxford                                2500          1 Europe                            
United Kingdom                           UK                                                                                                                                         
                                                                                                                                                                                    

FIRST_NAME           LAST_NAME                 DEPARTMENT_ID DEPARTMENT_NAME                CITY                           LOCATION_ID  REGION_ID REGION_NAME                       
-------------------- ------------------------- ------------- ------------------------------ ------------------------------ ----------- ---------- -------------------------         
COUNTRY_NAME                             CO                                                                                                                                         
---------------------------------------- --                                                                                                                                         
Nandita              Sarchand                             50 Shipping                       South San Francisco                   1500          2 Americas                          
United States of America                 US                                                                                                                                         
                                                                                                                                                                                    
Ismael               Sciarra                             100 Finance                        Seattle                               1700          2 Americas                          
United States of America                 US                                                                                                                                         
                                                                                                                                                                                    
John                 Seo                                  50 Shipping                       South San Francisco                   1500          2 Americas                          
United States of America                 US                                                                                                                                         
                                                                                                                                                                                    

FIRST_NAME           LAST_NAME                 DEPARTMENT_ID DEPARTMENT_NAME                CITY                           LOCATION_ID  REGION_ID REGION_NAME                       
-------------------- ------------------------- ------------- ------------------------------ ------------------------------ ----------- ---------- -------------------------         
COUNTRY_NAME                             CO                                                                                                                                         
---------------------------------------- --                                                                                                                                         
Sarath               Sewall                               80 Sales                          Oxford                                2500          1 Europe                            
United Kingdom                           UK                                                                                                                                         
                                                                                                                                                                                    
Lindsey              Smith                                80 Sales                          Oxford                                2500          1 Europe                            
United Kingdom                           UK                                                                                                                                         
                                                                                                                                                                                    
William              Smith                                80 Sales                          Oxford                                2500          1 Europe                            
United Kingdom                           UK                                                                                                                                         
                                                                                                                                                                                    

FIRST_NAME           LAST_NAME                 DEPARTMENT_ID DEPARTMENT_NAME                CITY                           LOCATION_ID  REGION_ID REGION_NAME                       
-------------------- ------------------------- ------------- ------------------------------ ------------------------------ ----------- ---------- -------------------------         
COUNTRY_NAME                             CO                                                                                                                                         
---------------------------------------- --                                                                                                                                         
Stephen              Stiles                               50 Shipping                       South San Francisco                   1500          2 Americas                          
United States of America                 US                                                                                                                                         
                                                                                                                                                                                    
Martha               Sullivan                             50 Shipping                       South San Francisco                   1500          2 Americas                          
United States of America                 US                                                                                                                                         
                                                                                                                                                                                    
Patrick              Sully                                80 Sales                          Oxford                                2500          1 Europe                            
United Kingdom                           UK                                                                                                                                         
                                                                                                                                                                                    

FIRST_NAME           LAST_NAME                 DEPARTMENT_ID DEPARTMENT_NAME                CITY                           LOCATION_ID  REGION_ID REGION_NAME                       
-------------------- ------------------------- ------------- ------------------------------ ------------------------------ ----------- ---------- -------------------------         
COUNTRY_NAME                             CO                                                                                                                                         
---------------------------------------- --                                                                                                                                         
Jonathon             Taylor                               80 Sales                          Oxford                                2500          1 Europe                            
United Kingdom                           UK                                                                                                                                         
                                                                                                                                                                                    
Winston              Taylor                               50 Shipping                       South San Francisco                   1500          2 Americas                          
United States of America                 US                                                                                                                                         
                                                                                                                                                                                    
Sigal                Tobias                               30 Purchasing                     Seattle                               1700          2 Americas                          
United States of America                 US                                                                                                                                         
                                                                                                                                                                                    

FIRST_NAME           LAST_NAME                 DEPARTMENT_ID DEPARTMENT_NAME                CITY                           LOCATION_ID  REGION_ID REGION_NAME                       
-------------------- ------------------------- ------------- ------------------------------ ------------------------------ ----------- ---------- -------------------------         
COUNTRY_NAME                             CO                                                                                                                                         
---------------------------------------- --                                                                                                                                         
Peter                Tucker                               80 Sales                          Oxford                                2500          1 Europe                            
United Kingdom                           UK                                                                                                                                         
                                                                                                                                                                                    
Oliver               Tuvault                              80 Sales                          Oxford                                2500          1 Europe                            
United Kingdom                           UK                                                                                                                                         
                                                                                                                                                                                    
Jose Manuel          Urman                               100 Finance                        Seattle                               1700          2 Americas                          
United States of America                 US                                                                                                                                         
                                                                                                                                                                                    

FIRST_NAME           LAST_NAME                 DEPARTMENT_ID DEPARTMENT_NAME                CITY                           LOCATION_ID  REGION_ID REGION_NAME                       
-------------------- ------------------------- ------------- ------------------------------ ------------------------------ ----------- ---------- -------------------------         
COUNTRY_NAME                             CO                                                                                                                                         
---------------------------------------- --                                                                                                                                         
Peter                Vargas                               50 Shipping                       South San Francisco                   1500          2 Americas                          
United States of America                 US                                                                                                                                         
                                                                                                                                                                                    
Clara                Vishney                              80 Sales                          Oxford                                2500          1 Europe                            
United Kingdom                           UK                                                                                                                                         
                                                                                                                                                                                    
Shanta               Vollman                              50 Shipping                       South San Francisco                   1500          2 Americas                          
United States of America                 US                                                                                                                                         
                                                                                                                                                                                    

FIRST_NAME           LAST_NAME                 DEPARTMENT_ID DEPARTMENT_NAME                CITY                           LOCATION_ID  REGION_ID REGION_NAME                       
-------------------- ------------------------- ------------- ------------------------------ ------------------------------ ----------- ---------- -------------------------         
COUNTRY_NAME                             CO                                                                                                                                         
---------------------------------------- --                                                                                                                                         
Alana                Walsh                                50 Shipping                       South San Francisco                   1500          2 Americas                          
United States of America                 US                                                                                                                                         
                                                                                                                                                                                    
Matthew              Weiss                                50 Shipping                       South San Francisco                   1500          2 Americas                          
United States of America                 US                                                                                                                                         
                                                                                                                                                                                    
Jennifer             Whalen                               10 Administration                 Seattle                               1700          2 Americas                          
United States of America                 US                                                                                                                                         
                                                                                                                                                                                    

FIRST_NAME           LAST_NAME                 DEPARTMENT_ID DEPARTMENT_NAME                CITY                           LOCATION_ID  REGION_ID REGION_NAME                       
-------------------- ------------------------- ------------- ------------------------------ ------------------------------ ----------- ---------- -------------------------         
COUNTRY_NAME                             CO                                                                                                                                         
---------------------------------------- --                                                                                                                                         
Eleni                Zlotkey                              80 Sales                          Oxford                                2500          1 Europe                            
United Kingdom                           UK                                                                                                                                         
                                                                                                                                                                                    

106 rows selected.

SQL> alter table employees rename column department_id to did;

Table altered.

SQL> select first_name,department_name from employees join departments using (did);
select first_name,department_name from employees join departments using (did)
                                                                         *
ERROR at line 1:
ORA-00904: "DEPARTMENTS"."DID": invalid identifier 


SQL> select first_name,department_name from employees e join departments d
  2  on(e.did=d.department_id);

FIRST_NAME           DEPARTMENT_NAME                                                                                                                                                
-------------------- ------------------------------                                                                                                                                 
Jennifer             Administration                                                                                                                                                 
Pat                  Marketing                                                                                                                                                      
Michael              Marketing                                                                                                                                                      
Sigal                Purchasing                                                                                                                                                     
Karen                Purchasing                                                                                                                                                     
Shelli               Purchasing                                                                                                                                                     
Den                  Purchasing                                                                                                                                                     
Alexander            Purchasing                                                                                                                                                     
Guy                  Purchasing                                                                                                                                                     
Susan                Human Resources                                                                                                                                                
Kevin                Shipping                                                                                                                                                       

FIRST_NAME           DEPARTMENT_NAME                                                                                                                                                
-------------------- ------------------------------                                                                                                                                 
Jean                 Shipping                                                                                                                                                       
Adam                 Shipping                                                                                                                                                       
Timothy              Shipping                                                                                                                                                       
Ki                   Shipping                                                                                                                                                       
Girard               Shipping                                                                                                                                                       
Douglas              Shipping                                                                                                                                                       
Vance                Shipping                                                                                                                                                       
Payam                Shipping                                                                                                                                                       
Renske               Shipping                                                                                                                                                       
Britney              Shipping                                                                                                                                                       
Jennifer             Shipping                                                                                                                                                       

FIRST_NAME           DEPARTMENT_NAME                                                                                                                                                
-------------------- ------------------------------                                                                                                                                 
Julia                Shipping                                                                                                                                                       
Curtis               Shipping                                                                                                                                                       
Kelly                Shipping                                                                                                                                                       
Anthony              Shipping                                                                                                                                                       
Alexis               Shipping                                                                                                                                                       
Laura                Shipping                                                                                                                                                       
Sarah                Shipping                                                                                                                                                       
Mozhe                Shipping                                                                                                                                                       
James                Shipping                                                                                                                                                       
Matthew              Shipping                                                                                                                                                       
Alana                Shipping                                                                                                                                                       

FIRST_NAME           DEPARTMENT_NAME                                                                                                                                                
-------------------- ------------------------------                                                                                                                                 
Shanta               Shipping                                                                                                                                                       
Peter                Shipping                                                                                                                                                       
Winston              Shipping                                                                                                                                                       
Jason                Shipping                                                                                                                                                       
Steven               Shipping                                                                                                                                                       
James                Shipping                                                                                                                                                       
Randall              Shipping                                                                                                                                                       
Samuel               Shipping                                                                                                                                                       
Irene                Shipping                                                                                                                                                       
Kevin                Shipping                                                                                                                                                       
Julia                Shipping                                                                                                                                                       

FIRST_NAME           DEPARTMENT_NAME                                                                                                                                                
-------------------- ------------------------------                                                                                                                                 
Donald               Shipping                                                                                                                                                       
TJ                   Shipping                                                                                                                                                       
Joshua               Shipping                                                                                                                                                       
Randall              Shipping                                                                                                                                                       
Hazel                Shipping                                                                                                                                                       
Trenna               Shipping                                                                                                                                                       
Michael              Shipping                                                                                                                                                       
Nandita              Shipping                                                                                                                                                       
John                 Shipping                                                                                                                                                       
Stephen              Shipping                                                                                                                                                       
Martha               Shipping                                                                                                                                                       

FIRST_NAME           DEPARTMENT_NAME                                                                                                                                                
-------------------- ------------------------------                                                                                                                                 
David                IT                                                                                                                                                             
Valli                IT                                                                                                                                                             
Bruce                IT                                                                                                                                                             
Diana                IT                                                                                                                                                             
Alexander            IT                                                                                                                                                             
Hermann              Public Relations                                                                                                                                               
Ellen                Sales                                                                                                                                                          
Sundar               Sales                                                                                                                                                          
Amit                 Sales                                                                                                                                                          
Elizabeth            Sales                                                                                                                                                          
David                Sales                                                                                                                                                          

FIRST_NAME           DEPARTMENT_NAME                                                                                                                                                
-------------------- ------------------------------                                                                                                                                 
Harrison             Sales                                                                                                                                                          
Gerald               Sales                                                                                                                                                          
Nanette              Sales                                                                                                                                                          
Louise               Sales                                                                                                                                                          
Alberto              Sales                                                                                                                                                          
Tayler               Sales                                                                                                                                                          
Danielle             Sales                                                                                                                                                          
Peter                Sales                                                                                                                                                          
Alyssa               Sales                                                                                                                                                          
Charles              Sales                                                                                                                                                          
Janette              Sales                                                                                                                                                          

FIRST_NAME           DEPARTMENT_NAME                                                                                                                                                
-------------------- ------------------------------                                                                                                                                 
Sundita              Sales                                                                                                                                                          
David                Sales                                                                                                                                                          
Jack                 Sales                                                                                                                                                          
Mattea               Sales                                                                                                                                                          
Allan                Sales                                                                                                                                                          
Christopher          Sales                                                                                                                                                          
Lisa                 Sales                                                                                                                                                          
Karen                Sales                                                                                                                                                          
John                 Sales                                                                                                                                                          
Sarath               Sales                                                                                                                                                          
Lindsey              Sales                                                                                                                                                          

FIRST_NAME           DEPARTMENT_NAME                                                                                                                                                
-------------------- ------------------------------                                                                                                                                 
William              Sales                                                                                                                                                          
Patrick              Sales                                                                                                                                                          
Jonathon             Sales                                                                                                                                                          
Peter                Sales                                                                                                                                                          
Oliver               Sales                                                                                                                                                          
Clara                Sales                                                                                                                                                          
Eleni                Sales                                                                                                                                                          
Neena                Executive                                                                                                                                                      
Steven               Executive                                                                                                                                                      
Lex                  Executive                                                                                                                                                      
Luis                 Finance                                                                                                                                                        

FIRST_NAME           DEPARTMENT_NAME                                                                                                                                                
-------------------- ------------------------------                                                                                                                                 
Jose Manuel          Finance                                                                                                                                                        
John                 Finance                                                                                                                                                        
Daniel               Finance                                                                                                                                                        
Ismael               Finance                                                                                                                                                        
Nancy                Finance                                                                                                                                                        
William              Accounting                                                                                                                                                     
Shelley              Accounting                                                                                                                                                     

106 rows selected.

SQL> desc departments;
 Name                                                                                                  Null?    Type
 ----------------------------------------------------------------------------------------------------- -------- --------------------------------------------------------------------
 DEPARTMENT_ID                                                                                         NOT NULL NUMBER(4)
 DEPARTMENT_NAME                                                                                       NOT NULL VARCHAR2(30)
 MANAGER_ID                                                                                                     NUMBER(6)
 LOCATION_ID                                                                                                    NUMBER(4)

SQL> alter table employees rename column location_id to lid;
alter table employees rename column location_id to lid
                                    *
ERROR at line 1:
ORA-00904: "LOCATION_ID": invalid identifier 


SQL> alter table departments rename column location_id to lid;

Table altered.

SQL> desc departments;
 Name                                                                                                  Null?    Type
 ----------------------------------------------------------------------------------------------------- -------- --------------------------------------------------------------------
 DEPARTMENT_ID                                                                                         NOT NULL NUMBER(4)
 DEPARTMENT_NAME                                                                                       NOT NULL VARCHAR2(30)
 MANAGER_ID                                                                                                     NUMBER(6)
 LID                                                                                                            NUMBER(4)

SQL> desc locations
 Name                                                                                                  Null?    Type
 ----------------------------------------------------------------------------------------------------- -------- --------------------------------------------------------------------
 LOCATION_ID                                                                                           NOT NULL NUMBER(4)
 STREET_ADDRESS                                                                                                 VARCHAR2(40)
 POSTAL_CODE                                                                                                    VARCHAR2(12)
 CITY                                                                                                  NOT NULL VARCHAR2(30)
 STATE_PROVINCE                                                                                                 VARCHAR2(25)
 COUNTRY_ID                                                                                                     CHAR(2)

SQL> set  lines 80
SQL> desc locations
 Name                                      Null?    Type
 ----------------------------------------- -------- ----------------------------
 LOCATION_ID                               NOT NULL NUMBER(4)
 STREET_ADDRESS                                     VARCHAR2(40)
 POSTAL_CODE                                        VARCHAR2(12)
 CITY                                      NOT NULL VARCHAR2(30)
 STATE_PROVINCE                                     VARCHAR2(25)
 COUNTRY_ID                                         CHAR(2)

SQL> desc departments;
 Name                                      Null?    Type
 ----------------------------------------- -------- ----------------------------
 DEPARTMENT_ID                             NOT NULL NUMBER(4)
 DEPARTMENT_NAME                           NOT NULL VARCHAR2(30)
 MANAGER_ID                                         NUMBER(6)
 LID                                                NUMBER(4)

SQL> select department_name,city from departments join locations
  2  on(departments.lid=locations.location_id);

DEPARTMENT_NAME                CITY                                             
------------------------------ ------------------------------                   
IT                             Southlake                                        
Shipping                       South San Francisco                              
Administration                 Seattle                                          
Purchasing                     Seattle                                          
Executive                      Seattle                                          
Finance                        Seattle                                          
Accounting                     Seattle                                          
Treasury                       Seattle                                          
Corporate Tax                  Seattle                                          
Control And Credit             Seattle                                          
Shareholder Services           Seattle                                          

DEPARTMENT_NAME                CITY                                             
------------------------------ ------------------------------                   
Benefits                       Seattle                                          
Manufacturing                  Seattle                                          
Construction                   Seattle                                          
Contracting                    Seattle                                          
Operations                     Seattle                                          
IT Support                     Seattle                                          
NOC                            Seattle                                          
IT Helpdesk                    Seattle                                          
Government Sales               Seattle                                          
Retail Sales                   Seattle                                          
Recruiting                     Seattle                                          

DEPARTMENT_NAME                CITY                                             
------------------------------ ------------------------------                   
Payroll                        Seattle                                          
Marketing                      Toronto                                          
Human Resources                London                                           
Sales                          Oxford                                           
Public Relations               Munich                                           

27 rows selected.

SQL> select department_name,city from departments d join locations l
  2  on(d.lid=l.location_id);

DEPARTMENT_NAME                CITY                                             
------------------------------ ------------------------------                   
IT                             Southlake                                        
Shipping                       South San Francisco                              
Administration                 Seattle                                          
Purchasing                     Seattle                                          
Executive                      Seattle                                          
Finance                        Seattle                                          
Accounting                     Seattle                                          
Treasury                       Seattle                                          
Corporate Tax                  Seattle                                          
Control And Credit             Seattle                                          
Shareholder Services           Seattle                                          

DEPARTMENT_NAME                CITY                                             
------------------------------ ------------------------------                   
Benefits                       Seattle                                          
Manufacturing                  Seattle                                          
Construction                   Seattle                                          
Contracting                    Seattle                                          
Operations                     Seattle                                          
IT Support                     Seattle                                          
NOC                            Seattle                                          
IT Helpdesk                    Seattle                                          
Government Sales               Seattle                                          
Retail Sales                   Seattle                                          
Recruiting                     Seattle                                          

DEPARTMENT_NAME                CITY                                             
------------------------------ ------------------------------                   
Payroll                        Seattle                                          
Marketing                      Toronto                                          
Human Resources                London                                           
Sales                          Oxford                                           
Public Relations               Munich                                           

27 rows selected.

SQL> spool off
